<?xml version="1.0"?>
<link_info>
   <banner>TMS320C55x Linker PC v4.4.1</banner>
   <copyright>Copyright (c) 1996-2012 Texas Instruments Incorporated</copyright>
   <link_time>0x5839ceac</link_time>
   <output_file>Exercise_6.out</output_file>
   <entry_point>
      <name>_c_int00</name>
      <address>0x35e6e</address>
   </entry_point>
   <input_file_list>
      <input_file id="fl-2">
         <path>.\</path>
         <kind>object</kind>
         <file>C5515_AIC3204_setup.obj</file>
         <name>C5515_AIC3204_setup.obj</name>
      </input_file>
      <input_file id="fl-3">
         <path>.\</path>
         <kind>object</kind>
         <file>C5515_UART.obj</file>
         <name>C5515_UART.obj</name>
      </input_file>
      <input_file id="fl-4">
         <path>.\</path>
         <kind>object</kind>
         <file>C55_setup.obj</file>
         <name>C55_setup.obj</name>
      </input_file>
      <input_file id="fl-5">
         <path>.\</path>
         <kind>object</kind>
         <file>InitializeC55xxCPU.obj</file>
         <name>InitializeC55xxCPU.obj</name>
      </input_file>
      <input_file id="fl-6">
         <path>.\</path>
         <kind>object</kind>
         <file>Support_Plotting_1_1.obj</file>
         <name>Support_Plotting_1_1.obj</name>
      </input_file>
      <input_file id="fl-7">
         <path>.\</path>
         <kind>object</kind>
         <file>WP_packet_support.obj</file>
         <name>WP_packet_support.obj</name>
      </input_file>
      <input_file id="fl-8">
         <path>.\</path>
         <kind>object</kind>
         <file>cbrev32.obj</file>
         <name>cbrev32.obj</name>
      </input_file>
      <input_file id="fl-9">
         <path>.\</path>
         <kind>object</kind>
         <file>cfft32_noscale.obj</file>
         <name>cfft32_noscale.obj</name>
      </input_file>
      <input_file id="fl-a">
         <path>.\</path>
         <kind>object</kind>
         <file>cfft32_scale.obj</file>
         <name>cfft32_scale.obj</name>
      </input_file>
      <input_file id="fl-b">
         <path>.\</path>
         <kind>object</kind>
         <file>cifft32_noscale.obj</file>
         <name>cifft32_noscale.obj</name>
      </input_file>
      <input_file id="fl-c">
         <path>.\</path>
         <kind>object</kind>
         <file>cifft32_scale.obj</file>
         <name>cifft32_scale.obj</name>
      </input_file>
      <input_file id="fl-d">
         <path>.\</path>
         <kind>object</kind>
         <file>main.obj</file>
         <name>main.obj</name>
      </input_file>
      <input_file id="fl-e">
         <path>.\</path>
         <kind>object</kind>
         <file>twiddle32.obj</file>
         <name>twiddle32.obj</name>
      </input_file>
      <input_file id="fl-f">
         <path>.\</path>
         <kind>object</kind>
         <file>vectors.obj</file>
         <name>vectors.obj</name>
      </input_file>
      <input_file id="fl-14">
         <path>..\</path>
         <kind>archive</kind>
         <file>usbstk5515bsl.lib</file>
         <name>usbstk5515_led.obj</name>
      </input_file>
      <input_file id="fl-15">
         <path>..\</path>
         <kind>archive</kind>
         <file>usbstk5515bsl.lib</file>
         <name>usbstk5515_i2c.obj</name>
      </input_file>
      <input_file id="fl-16">
         <path>..\</path>
         <kind>archive</kind>
         <file>usbstk5515bsl.lib</file>
         <name>usbstk5515_gpio.obj</name>
      </input_file>
      <input_file id="fl-17">
         <path>..\</path>
         <kind>archive</kind>
         <file>usbstk5515bsl.lib</file>
         <name>usbstk5515.obj</name>
      </input_file>
      <input_file id="fl-2b">
         <path>C:\VApps\ticcs\6p1p0\ccsv6\tools\compiler\c5500_4.4.1\lib\</path>
         <kind>archive</kind>
         <file>rts55x.lib</file>
         <name>addd.obj</name>
      </input_file>
      <input_file id="fl-2c">
         <path>C:\VApps\ticcs\6p1p0\ccsv6\tools\compiler\c5500_4.4.1\lib\</path>
         <kind>archive</kind>
         <file>rts55x.lib</file>
         <name>boot.obj</name>
      </input_file>
      <input_file id="fl-2d">
         <path>C:\VApps\ticcs\6p1p0\ccsv6\tools\compiler\c5500_4.4.1\lib\</path>
         <kind>archive</kind>
         <file>rts55x.lib</file>
         <name>divd.obj</name>
      </input_file>
      <input_file id="fl-2e">
         <path>C:\VApps\ticcs\6p1p0\ccsv6\tools\compiler\c5500_4.4.1\lib\</path>
         <kind>archive</kind>
         <file>rts55x.lib</file>
         <name>exit.obj</name>
      </input_file>
      <input_file id="fl-2f">
         <path>C:\VApps\ticcs\6p1p0\ccsv6\tools\compiler\c5500_4.4.1\lib\</path>
         <kind>archive</kind>
         <file>rts55x.lib</file>
         <name>fixdi.obj</name>
      </input_file>
      <input_file id="fl-30">
         <path>C:\VApps\ticcs\6p1p0\ccsv6\tools\compiler\c5500_4.4.1\lib\</path>
         <kind>archive</kind>
         <file>rts55x.lib</file>
         <name>fixdli.obj</name>
      </input_file>
      <input_file id="fl-31">
         <path>C:\VApps\ticcs\6p1p0\ccsv6\tools\compiler\c5500_4.4.1\lib\</path>
         <kind>archive</kind>
         <file>rts55x.lib</file>
         <name>fltid.obj</name>
      </input_file>
      <input_file id="fl-32">
         <path>C:\VApps\ticcs\6p1p0\ccsv6\tools\compiler\c5500_4.4.1\lib\</path>
         <kind>archive</kind>
         <file>rts55x.lib</file>
         <name>fltlid.obj</name>
      </input_file>
      <input_file id="fl-33">
         <path>C:\VApps\ticcs\6p1p0\ccsv6\tools\compiler\c5500_4.4.1\lib\</path>
         <kind>archive</kind>
         <file>rts55x.lib</file>
         <name>fltud.obj</name>
      </input_file>
      <input_file id="fl-34">
         <path>C:\VApps\ticcs\6p1p0\ccsv6\tools\compiler\c5500_4.4.1\lib\</path>
         <kind>archive</kind>
         <file>rts55x.lib</file>
         <name>fltuld.obj</name>
      </input_file>
      <input_file id="fl-35">
         <path>C:\VApps\ticcs\6p1p0\ccsv6\tools\compiler\c5500_4.4.1\lib\</path>
         <kind>archive</kind>
         <file>rts55x.lib</file>
         <name>frcmpyd_div.obj</name>
      </input_file>
      <input_file id="fl-36">
         <path>C:\VApps\ticcs\6p1p0\ccsv6\tools\compiler\c5500_4.4.1\lib\</path>
         <kind>archive</kind>
         <file>rts55x.lib</file>
         <name>lmpy.obj</name>
      </input_file>
      <input_file id="fl-37">
         <path>C:\VApps\ticcs\6p1p0\ccsv6\tools\compiler\c5500_4.4.1\lib\</path>
         <kind>archive</kind>
         <file>rts55x.lib</file>
         <name>mpyd.obj</name>
      </input_file>
      <input_file id="fl-38">
         <path>C:\VApps\ticcs\6p1p0\ccsv6\tools\compiler\c5500_4.4.1\lib\</path>
         <kind>archive</kind>
         <file>rts55x.lib</file>
         <name>printf.obj</name>
      </input_file>
      <input_file id="fl-39">
         <path>C:\VApps\ticcs\6p1p0\ccsv6\tools\compiler\c5500_4.4.1\lib\</path>
         <kind>archive</kind>
         <file>rts55x.lib</file>
         <name>strlen.obj</name>
      </input_file>
      <input_file id="fl-3a">
         <path>C:\VApps\ticcs\6p1p0\ccsv6\tools\compiler\c5500_4.4.1\lib\</path>
         <kind>archive</kind>
         <file>rts55x.lib</file>
         <name>subd.obj</name>
      </input_file>
      <input_file id="fl-3b">
         <path>C:\VApps\ticcs\6p1p0\ccsv6\tools\compiler\c5500_4.4.1\lib\</path>
         <kind>archive</kind>
         <file>rts55x.lib</file>
         <name>_lock.obj</name>
      </input_file>
      <input_file id="fl-3c">
         <path>C:\VApps\ticcs\6p1p0\ccsv6\tools\compiler\c5500_4.4.1\lib\</path>
         <kind>archive</kind>
         <file>rts55x.lib</file>
         <name>_printfi.obj</name>
      </input_file>
      <input_file id="fl-3d">
         <path>C:\VApps\ticcs\6p1p0\ccsv6\tools\compiler\c5500_4.4.1\lib\</path>
         <kind>archive</kind>
         <file>rts55x.lib</file>
         <name>args_main.obj</name>
      </input_file>
      <input_file id="fl-3e">
         <path>C:\VApps\ticcs\6p1p0\ccsv6\tools\compiler\c5500_4.4.1\lib\</path>
         <kind>archive</kind>
         <file>rts55x.lib</file>
         <name>atoi.obj</name>
      </input_file>
      <input_file id="fl-3f">
         <path>C:\VApps\ticcs\6p1p0\ccsv6\tools\compiler\c5500_4.4.1\lib\</path>
         <kind>archive</kind>
         <file>rts55x.lib</file>
         <name>autoinit.obj</name>
      </input_file>
      <input_file id="fl-40">
         <path>C:\VApps\ticcs\6p1p0\ccsv6\tools\compiler\c5500_4.4.1\lib\</path>
         <kind>archive</kind>
         <file>rts55x.lib</file>
         <name>cmpd.obj</name>
      </input_file>
      <input_file id="fl-41">
         <path>C:\VApps\ticcs\6p1p0\ccsv6\tools\compiler\c5500_4.4.1\lib\</path>
         <kind>archive</kind>
         <file>rts55x.lib</file>
         <name>ctype.obj</name>
      </input_file>
      <input_file id="fl-42">
         <path>C:\VApps\ticcs\6p1p0\ccsv6\tools\compiler\c5500_4.4.1\lib\</path>
         <kind>archive</kind>
         <file>rts55x.lib</file>
         <name>defs.obj</name>
      </input_file>
      <input_file id="fl-43">
         <path>C:\VApps\ticcs\6p1p0\ccsv6\tools\compiler\c5500_4.4.1\lib\</path>
         <kind>archive</kind>
         <file>rts55x.lib</file>
         <name>divul.obj</name>
      </input_file>
      <input_file id="fl-44">
         <path>C:\VApps\ticcs\6p1p0\ccsv6\tools\compiler\c5500_4.4.1\lib\</path>
         <kind>archive</kind>
         <file>rts55x.lib</file>
         <name>fputc.obj</name>
      </input_file>
      <input_file id="fl-45">
         <path>C:\VApps\ticcs\6p1p0\ccsv6\tools\compiler\c5500_4.4.1\lib\</path>
         <kind>archive</kind>
         <file>rts55x.lib</file>
         <name>fputs.obj</name>
      </input_file>
      <input_file id="fl-46">
         <path>C:\VApps\ticcs\6p1p0\ccsv6\tools\compiler\c5500_4.4.1\lib\</path>
         <kind>archive</kind>
         <file>rts55x.lib</file>
         <name>frcmpyd.obj</name>
      </input_file>
      <input_file id="fl-47">
         <path>C:\VApps\ticcs\6p1p0\ccsv6\tools\compiler\c5500_4.4.1\lib\</path>
         <kind>archive</kind>
         <file>rts55x.lib</file>
         <name>isinf.obj</name>
      </input_file>
      <input_file id="fl-48">
         <path>C:\VApps\ticcs\6p1p0\ccsv6\tools\compiler\c5500_4.4.1\lib\</path>
         <kind>archive</kind>
         <file>rts55x.lib</file>
         <name>llmpy.obj</name>
      </input_file>
      <input_file id="fl-49">
         <path>C:\VApps\ticcs\6p1p0\ccsv6\tools\compiler\c5500_4.4.1\lib\</path>
         <kind>archive</kind>
         <file>rts55x.lib</file>
         <name>lowlev.obj</name>
      </input_file>
      <input_file id="fl-4a">
         <path>C:\VApps\ticcs\6p1p0\ccsv6\tools\compiler\c5500_4.4.1\lib\</path>
         <kind>archive</kind>
         <file>rts55x.lib</file>
         <name>ltoa.obj</name>
      </input_file>
      <input_file id="fl-4b">
         <path>C:\VApps\ticcs\6p1p0\ccsv6\tools\compiler\c5500_4.4.1\lib\</path>
         <kind>archive</kind>
         <file>rts55x.lib</file>
         <name>memccpy.obj</name>
      </input_file>
      <input_file id="fl-4c">
         <path>C:\VApps\ticcs\6p1p0\ccsv6\tools\compiler\c5500_4.4.1\lib\</path>
         <kind>archive</kind>
         <file>rts55x.lib</file>
         <name>memcpy.obj</name>
      </input_file>
      <input_file id="fl-4d">
         <path>C:\VApps\ticcs\6p1p0\ccsv6\tools\compiler\c5500_4.4.1\lib\</path>
         <kind>archive</kind>
         <file>rts55x.lib</file>
         <name>negd.obj</name>
      </input_file>
      <input_file id="fl-4e">
         <path>C:\VApps\ticcs\6p1p0\ccsv6\tools\compiler\c5500_4.4.1\lib\</path>
         <kind>archive</kind>
         <file>rts55x.lib</file>
         <name>remli.obj</name>
      </input_file>
      <input_file id="fl-4f">
         <path>C:\VApps\ticcs\6p1p0\ccsv6\tools\compiler\c5500_4.4.1\lib\</path>
         <kind>archive</kind>
         <file>rts55x.lib</file>
         <name>remul.obj</name>
      </input_file>
      <input_file id="fl-50">
         <path>C:\VApps\ticcs\6p1p0\ccsv6\tools\compiler\c5500_4.4.1\lib\</path>
         <kind>archive</kind>
         <file>rts55x.lib</file>
         <name>trgdrv.obj</name>
      </input_file>
      <input_file id="fl-51">
         <path>C:\VApps\ticcs\6p1p0\ccsv6\tools\compiler\c5500_4.4.1\lib\</path>
         <kind>archive</kind>
         <file>rts55x.lib</file>
         <name>trgmsg.obj</name>
      </input_file>
      <input_file id="fl-52">
         <path>C:\VApps\ticcs\6p1p0\ccsv6\tools\compiler\c5500_4.4.1\lib\</path>
         <kind>archive</kind>
         <file>rts55x.lib</file>
         <name>udiv.obj</name>
      </input_file>
      <input_file id="fl-53">
         <path>C:\VApps\ticcs\6p1p0\ccsv6\tools\compiler\c5500_4.4.1\lib\</path>
         <kind>archive</kind>
         <file>rts55x.lib</file>
         <name>_io_perm.obj</name>
      </input_file>
      <input_file id="fl-54">
         <path>C:\VApps\ticcs\6p1p0\ccsv6\tools\compiler\c5500_4.4.1\lib\</path>
         <kind>archive</kind>
         <file>rts55x.lib</file>
         <name>divli.obj</name>
      </input_file>
      <input_file id="fl-55">
         <path>C:\VApps\ticcs\6p1p0\ccsv6\tools\compiler\c5500_4.4.1\lib\</path>
         <kind>archive</kind>
         <file>rts55x.lib</file>
         <name>fflush.obj</name>
      </input_file>
      <input_file id="fl-56">
         <path>C:\VApps\ticcs\6p1p0\ccsv6\tools\compiler\c5500_4.4.1\lib\</path>
         <kind>archive</kind>
         <file>rts55x.lib</file>
         <name>fseek.obj</name>
      </input_file>
      <input_file id="fl-57">
         <path>C:\VApps\ticcs\6p1p0\ccsv6\tools\compiler\c5500_4.4.1\lib\</path>
         <kind>archive</kind>
         <file>rts55x.lib</file>
         <name>setvbuf.obj</name>
      </input_file>
      <input_file id="fl-58">
         <path>C:\VApps\ticcs\6p1p0\ccsv6\tools\compiler\c5500_4.4.1\lib\</path>
         <kind>archive</kind>
         <file>rts55x.lib</file>
         <name>fopen.obj</name>
      </input_file>
      <input_file id="fl-59">
         <path>C:\VApps\ticcs\6p1p0\ccsv6\tools\compiler\c5500_4.4.1\lib\</path>
         <kind>archive</kind>
         <file>rts55x.lib</file>
         <name>memory.obj</name>
      </input_file>
      <input_file id="fl-5a">
         <path>C:\VApps\ticcs\6p1p0\ccsv6\tools\compiler\c5500_4.4.1\lib\</path>
         <kind>archive</kind>
         <file>rts55x.lib</file>
         <name>fclose.obj</name>
      </input_file>
      <input_file id="fl-5b">
         <path>C:\VApps\ticcs\6p1p0\ccsv6\tools\compiler\c5500_4.4.1\lib\</path>
         <kind>archive</kind>
         <file>rts55x.lib</file>
         <name>remove.obj</name>
      </input_file>
   </input_file_list>
   <object_component_list>
      <object_component id="oc-54">
         <name>.twiddle</name>
         <load_address>0x20000</load_address>
         <run_address>0x20000</run_address>
         <size>0x10000</size>
         <input_file_ref idref="fl-e"/>
      </object_component>
      <object_component id="oc-ba">
         <name>.text</name>
         <load_address>0x30000</load_address>
         <run_address>0x30000</run_address>
         <size>0x15a4</size>
         <input_file_ref idref="fl-3c"/>
      </object_component>
      <object_component id="oc-2a">
         <name>.text</name>
         <load_address>0x315a4</load_address>
         <run_address>0x315a4</run_address>
         <size>0x8af</size>
         <input_file_ref idref="fl-6"/>
      </object_component>
      <object_component id="oc-ef">
         <name>.text</name>
         <load_address>0x31e53</load_address>
         <run_address>0x31e53</run_address>
         <size>0x543</size>
         <input_file_ref idref="fl-49"/>
      </object_component>
      <object_component id="oc-10d">
         <name>.text</name>
         <load_address>0x32396</load_address>
         <run_address>0x32396</run_address>
         <size>0x528</size>
         <input_file_ref idref="fl-50"/>
      </object_component>
      <object_component id="oc-136">
         <name>.text</name>
         <load_address>0x328be</load_address>
         <run_address>0x328be</run_address>
         <size>0x4b5</size>
         <input_file_ref idref="fl-59"/>
      </object_component>
      <object_component id="oc-13">
         <name>.text</name>
         <load_address>0x32d73</load_address>
         <run_address>0x32d73</run_address>
         <size>0x4af</size>
         <input_file_ref idref="fl-2"/>
      </object_component>
      <object_component id="oc-77">
         <name>.text</name>
         <load_address>0x33222</load_address>
         <run_address>0x33222</run_address>
         <size>0x3cc</size>
         <input_file_ref idref="fl-2d"/>
      </object_component>
      <object_component id="oc-130">
         <name>.text</name>
         <load_address>0x335ee</load_address>
         <run_address>0x335ee</run_address>
         <size>0x27f</size>
         <input_file_ref idref="fl-58"/>
      </object_component>
      <object_component id="oc-eb">
         <name>.text</name>
         <load_address>0x3386d</load_address>
         <run_address>0x3386d</run_address>
         <size>0x25e</size>
         <input_file_ref idref="fl-48"/>
      </object_component>
      <object_component id="oc-6f">
         <name>.text</name>
         <load_address>0x33acb</load_address>
         <run_address>0x33acb</run_address>
         <size>0x25a</size>
         <input_file_ref idref="fl-2b"/>
      </object_component>
      <object_component id="oc-32">
         <name>.text</name>
         <load_address>0x33d25</load_address>
         <run_address>0x33d25</run_address>
         <size>0x243</size>
         <input_file_ref idref="fl-7"/>
      </object_component>
      <object_component id="oc-42">
         <name>.text</name>
         <load_address>0x33f68</load_address>
         <run_address>0x33f68</run_address>
         <size>0x1f0</size>
         <input_file_ref idref="fl-a"/>
      </object_component>
      <object_component id="oc-cc">
         <name>.text</name>
         <load_address>0x34158</load_address>
         <run_address>0x34158</run_address>
         <size>0x1ea</size>
         <input_file_ref idref="fl-40"/>
      </object_component>
      <object_component id="oc-4a">
         <name>.text</name>
         <load_address>0x34342</load_address>
         <run_address>0x34342</run_address>
         <size>0x1e2</size>
         <input_file_ref idref="fl-c"/>
      </object_component>
      <object_component id="oc-59">
         <name>.text</name>
         <load_address>0x34524</load_address>
         <run_address>0x34524</run_address>
         <size>0x1c9</size>
         <input_file_ref idref="fl-14"/>
      </object_component>
      <object_component id="oc-17">
         <name>.text:retain</name>
         <load_address>0x346ed</load_address>
         <run_address>0x346ed</run_address>
         <size>0x187</size>
         <input_file_ref idref="fl-2"/>
      </object_component>
      <object_component id="oc-de">
         <name>.text</name>
         <load_address>0x34874</load_address>
         <run_address>0x34874</run_address>
         <size>0x163</size>
         <input_file_ref idref="fl-45"/>
      </object_component>
      <object_component id="oc-65">
         <name>.text</name>
         <load_address>0x349d7</load_address>
         <run_address>0x349d7</run_address>
         <size>0x156</size>
         <input_file_ref idref="fl-16"/>
      </object_component>
      <object_component id="oc-a4">
         <name>.text</name>
         <load_address>0x34b2d</load_address>
         <run_address>0x34b2d</run_address>
         <size>0x14c</size>
         <input_file_ref idref="fl-37"/>
      </object_component>
      <object_component id="oc-5e">
         <name>.text</name>
         <load_address>0x34c79</load_address>
         <run_address>0x34c79</run_address>
         <size>0x13e</size>
         <input_file_ref idref="fl-15"/>
      </object_component>
      <object_component id="oc-46">
         <name>.text</name>
         <load_address>0x34db7</load_address>
         <run_address>0x34db7</run_address>
         <size>0x133</size>
         <input_file_ref idref="fl-b"/>
      </object_component>
      <object_component id="oc-3e">
         <name>.text</name>
         <load_address>0x34eea</load_address>
         <run_address>0x34eea</run_address>
         <size>0x12d</size>
         <input_file_ref idref="fl-9"/>
      </object_component>
      <object_component id="oc-12c">
         <name>.text</name>
         <load_address>0x35017</load_address>
         <run_address>0x35017</run_address>
         <size>0xe6</size>
         <input_file_ref idref="fl-57"/>
      </object_component>
      <object_component id="oc-11c">
         <name>.text</name>
         <load_address>0x350fd</load_address>
         <run_address>0x350fd</run_address>
         <size>0xdd</size>
         <input_file_ref idref="fl-53"/>
      </object_component>
      <object_component id="oc-25">
         <name>.text</name>
         <load_address>0x351da</load_address>
         <run_address>0x351da</run_address>
         <size>0xd5</size>
         <input_file_ref idref="fl-5"/>
      </object_component>
      <object_component id="oc-124">
         <name>.text</name>
         <load_address>0x352af</load_address>
         <run_address>0x352af</run_address>
         <size>0xc2</size>
         <input_file_ref idref="fl-55"/>
      </object_component>
      <object_component id="oc-115">
         <name>.text:CIO_breakpoint</name>
         <load_address>0x35371</load_address>
         <run_address>0x35371</run_address>
         <size>0xba</size>
         <input_file_ref idref="fl-51"/>
      </object_component>
      <object_component id="oc-da">
         <name>.text</name>
         <load_address>0x3542b</load_address>
         <run_address>0x3542b</run_address>
         <size>0xa6</size>
         <input_file_ref idref="fl-44"/>
      </object_component>
      <object_component id="oc-d6">
         <name>.text</name>
         <load_address>0x354d1</load_address>
         <run_address>0x354d1</run_address>
         <size>0xa1</size>
         <input_file_ref idref="fl-43"/>
      </object_component>
      <object_component id="oc-1b">
         <name>.text</name>
         <load_address>0x35572</load_address>
         <run_address>0x35572</run_address>
         <size>0x88</size>
         <input_file_ref idref="fl-3"/>
      </object_component>
      <object_component id="oc-55">
         <name>.text</name>
         <load_address>0x355fa</load_address>
         <run_address>0x355fa</run_address>
         <size>0x87</size>
         <input_file_ref idref="fl-f"/>
      </object_component>
      <object_component id="oc-f5">
         <name>.text</name>
         <load_address>0x35681</load_address>
         <run_address>0x35681</run_address>
         <size>0x7d</size>
         <input_file_ref idref="fl-4a"/>
      </object_component>
      <object_component id="oc-13d">
         <name>.text</name>
         <load_address>0x356fe</load_address>
         <run_address>0x356fe</run_address>
         <size>0x7b</size>
         <input_file_ref idref="fl-5a"/>
      </object_component>
      <object_component id="oc-e3">
         <name>.text</name>
         <load_address>0x35779</load_address>
         <run_address>0x35779</run_address>
         <size>0x76</size>
         <input_file_ref idref="fl-46"/>
      </object_component>
      <object_component id="oc-3a">
         <name>.text</name>
         <load_address>0x357ef</load_address>
         <run_address>0x357ef</run_address>
         <size>0x75</size>
         <input_file_ref idref="fl-8"/>
      </object_component>
      <object_component id="oc-4e">
         <name>.text</name>
         <load_address>0x35864</load_address>
         <run_address>0x35864</run_address>
         <size>0x74</size>
         <input_file_ref idref="fl-d"/>
      </object_component>
      <object_component id="oc-9c">
         <name>.text</name>
         <load_address>0x358d8</load_address>
         <run_address>0x358d8</run_address>
         <size>0x73</size>
         <input_file_ref idref="fl-35"/>
      </object_component>
      <object_component id="oc-109">
         <name>.text</name>
         <load_address>0x3594b</load_address>
         <run_address>0x3594b</run_address>
         <size>0x72</size>
         <input_file_ref idref="fl-4f"/>
      </object_component>
      <object_component id="oc-86">
         <name>.text</name>
         <load_address>0x359bd</load_address>
         <run_address>0x359bd</run_address>
         <size>0x6f</size>
         <input_file_ref idref="fl-30"/>
      </object_component>
      <object_component id="oc-112">
         <name>.text</name>
         <load_address>0x35a2c</load_address>
         <run_address>0x35a2c</run_address>
         <size>0x6d</size>
         <input_file_ref idref="fl-51"/>
      </object_component>
      <object_component id="oc-128">
         <name>.text</name>
         <load_address>0x35a99</load_address>
         <run_address>0x35a99</run_address>
         <size>0x6b</size>
         <input_file_ref idref="fl-56"/>
      </object_component>
      <object_component id="oc-8e">
         <name>.text</name>
         <load_address>0x35b04</load_address>
         <run_address>0x35b04</run_address>
         <size>0x67</size>
         <input_file_ref idref="fl-32"/>
      </object_component>
      <object_component id="oc-c4">
         <name>.text</name>
         <load_address>0x35b6b</load_address>
         <run_address>0x35b6b</run_address>
         <size>0x5c</size>
         <input_file_ref idref="fl-3e"/>
      </object_component>
      <object_component id="oc-97">
         <name>.text</name>
         <load_address>0x35bc7</load_address>
         <run_address>0x35bc7</run_address>
         <size>0x5b</size>
         <input_file_ref idref="fl-34"/>
      </object_component>
      <object_component id="oc-6a">
         <name>.text</name>
         <load_address>0x35c22</load_address>
         <run_address>0x35c22</run_address>
         <size>0x54</size>
         <input_file_ref idref="fl-17"/>
      </object_component>
      <object_component id="oc-a8">
         <name>.text</name>
         <load_address>0x35c76</load_address>
         <run_address>0x35c76</run_address>
         <size>0x50</size>
         <input_file_ref idref="fl-38"/>
      </object_component>
      <object_component id="oc-c8">
         <name>.text</name>
         <load_address>0x35cc6</load_address>
         <run_address>0x35cc6</run_address>
         <size>0x4d</size>
         <input_file_ref idref="fl-3f"/>
      </object_component>
      <object_component id="oc-c0">
         <name>.text</name>
         <load_address>0x35d13</load_address>
         <run_address>0x35d13</run_address>
         <size>0x4b</size>
         <input_file_ref idref="fl-3d"/>
      </object_component>
      <object_component id="oc-105">
         <name>.text</name>
         <load_address>0x35d5e</load_address>
         <run_address>0x35d5e</run_address>
         <size>0x4b</size>
         <input_file_ref idref="fl-4e"/>
      </object_component>
      <object_component id="oc-120">
         <name>.text</name>
         <load_address>0x35da9</load_address>
         <run_address>0x35da9</run_address>
         <size>0x48</size>
         <input_file_ref idref="fl-54"/>
      </object_component>
      <object_component id="oc-fd">
         <name>.text</name>
         <load_address>0x35df1</load_address>
         <run_address>0x35df1</run_address>
         <size>0x3f</size>
         <input_file_ref idref="fl-4c"/>
      </object_component>
      <object_component id="oc-7b">
         <name>.text</name>
         <load_address>0x35e30</load_address>
         <run_address>0x35e30</run_address>
         <size>0x3e</size>
         <input_file_ref idref="fl-2e"/>
      </object_component>
      <object_component id="oc-11">
         <name>.text</name>
         <load_address>0x35e6e</load_address>
         <run_address>0x35e6e</run_address>
         <size>0x34</size>
         <input_file_ref idref="fl-2c"/>
      </object_component>
      <object_component id="oc-20">
         <name>.text</name>
         <load_address>0x35ea2</load_address>
         <run_address>0x35ea2</run_address>
         <size>0x32</size>
         <input_file_ref idref="fl-4"/>
      </object_component>
      <object_component id="oc-82">
         <name>.text</name>
         <load_address>0x35ed4</load_address>
         <run_address>0x35ed4</run_address>
         <size>0x2a</size>
         <input_file_ref idref="fl-2f"/>
      </object_component>
      <object_component id="oc-118">
         <name>.text</name>
         <load_address>0x35efe</load_address>
         <run_address>0x35efe</run_address>
         <size>0x2a</size>
         <input_file_ref idref="fl-52"/>
      </object_component>
      <object_component id="oc-f9">
         <name>.text</name>
         <load_address>0x35f28</load_address>
         <run_address>0x35f28</run_address>
         <size>0x23</size>
         <input_file_ref idref="fl-4b"/>
      </object_component>
      <object_component id="oc-e7">
         <name>.text</name>
         <load_address>0x35f4b</load_address>
         <run_address>0x35f4b</run_address>
         <size>0x1a</size>
         <input_file_ref idref="fl-47"/>
      </object_component>
      <object_component id="oc-b0">
         <name>.text</name>
         <load_address>0x35f65</load_address>
         <run_address>0x35f65</run_address>
         <size>0x14</size>
         <input_file_ref idref="fl-3a"/>
      </object_component>
      <object_component id="oc-a0">
         <name>.text</name>
         <load_address>0x35f79</load_address>
         <run_address>0x35f79</run_address>
         <size>0x13</size>
         <input_file_ref idref="fl-36"/>
      </object_component>
      <object_component id="oc-b4">
         <name>.text</name>
         <load_address>0x35f8c</load_address>
         <run_address>0x35f8c</run_address>
         <size>0x12</size>
         <input_file_ref idref="fl-3b"/>
      </object_component>
      <object_component id="oc-ac">
         <name>.text</name>
         <load_address>0x35f9e</load_address>
         <run_address>0x35f9e</run_address>
         <size>0x11</size>
         <input_file_ref idref="fl-39"/>
      </object_component>
      <object_component id="oc-101">
         <name>.text</name>
         <load_address>0x35faf</load_address>
         <run_address>0x35faf</run_address>
         <size>0x10</size>
         <input_file_ref idref="fl-4d"/>
      </object_component>
      <object_component id="oc-93">
         <name>.text</name>
         <load_address>0x35fbf</load_address>
         <run_address>0x35fbf</run_address>
         <size>0xe</size>
         <input_file_ref idref="fl-33"/>
      </object_component>
      <object_component id="oc-8a">
         <name>.text</name>
         <load_address>0x35fcd</load_address>
         <run_address>0x35fcd</run_address>
         <size>0xc</size>
         <input_file_ref idref="fl-31"/>
      </object_component>
      <object_component id="oc-141">
         <name>.text</name>
         <load_address>0x35fd9</load_address>
         <run_address>0x35fd9</run_address>
         <size>0xa</size>
         <input_file_ref idref="fl-5b"/>
      </object_component>
      <object_component id="oc-7f">
         <name>.text:CIO_breakpoint</name>
         <load_address>0x35fe3</load_address>
         <run_address>0x35fe3</run_address>
         <size>0x7</size>
         <input_file_ref idref="fl-2e"/>
      </object_component>
      <object_component id="oc-73">
         <name>.stack</name>
         <uninitialized>true</uninitialized>
         <run_address>0xc0</run_address>
         <size>0x0</size>
         <input_file_ref idref="fl-2c"/>
      </object_component>
      <object_component id="oc-160">
         <name>.stack</name>
         <uninitialized>true</uninitialized>
         <run_address>0xc0</run_address>
         <size>0x0</size>
      </object_component>
      <object_component id="oc-145">
         <name>.sysstack</name>
         <uninitialized>true</uninitialized>
         <run_address>0x20c0</run_address>
         <size>0x0</size>
         <input_file_ref idref="fl-2c"/>
      </object_component>
      <object_component id="oc-162">
         <name>.sysstack</name>
         <uninitialized>true</uninitialized>
         <run_address>0x20c0</run_address>
         <size>0x0</size>
      </object_component>
      <object_component id="oc-14">
         <name>.bss</name>
         <uninitialized>true</uninitialized>
         <run_address>0x30c0</run_address>
         <size>0x20ba</size>
         <input_file_ref idref="fl-2"/>
      </object_component>
      <object_component id="oc-131">
         <name>.bss</name>
         <uninitialized>true</uninitialized>
         <run_address>0x517a</run_address>
         <size>0x2</size>
         <input_file_ref idref="fl-58"/>
      </object_component>
      <object_component id="oc-4f">
         <name>.bss</name>
         <uninitialized>true</uninitialized>
         <run_address>0x517c</run_address>
         <size>0x20a4</size>
         <input_file_ref idref="fl-d"/>
      </object_component>
      <object_component id="oc-d2">
         <name>.bss</name>
         <uninitialized>true</uninitialized>
         <run_address>0x7220</run_address>
         <size>0x232</size>
         <input_file_ref idref="fl-42"/>
      </object_component>
      <object_component id="oc-5f">
         <name>.bss</name>
         <uninitialized>true</uninitialized>
         <run_address>0x7452</run_address>
         <size>0x2</size>
         <input_file_ref idref="fl-15"/>
      </object_component>
      <object_component id="oc-33">
         <name>.bss</name>
         <uninitialized>true</uninitialized>
         <run_address>0x7454</run_address>
         <size>0x20c</size>
         <input_file_ref idref="fl-7"/>
      </object_component>
      <object_component id="oc-10e">
         <name>.bss</name>
         <uninitialized>true</uninitialized>
         <run_address>0x7660</run_address>
         <size>0x1a0</size>
         <input_file_ref idref="fl-50"/>
      </object_component>
      <object_component id="oc-f0">
         <name>.bss</name>
         <uninitialized>true</uninitialized>
         <run_address>0x7800</run_address>
         <size>0xe2</size>
         <input_file_ref idref="fl-49"/>
      </object_component>
      <object_component id="oc-2b">
         <name>.bss</name>
         <uninitialized>true</uninitialized>
         <run_address>0x78e4</run_address>
         <size>0xa4</size>
         <input_file_ref idref="fl-6"/>
      </object_component>
      <object_component id="oc-137">
         <name>.bss</name>
         <uninitialized>true</uninitialized>
         <run_address>0x7988</run_address>
         <size>0xc</size>
         <input_file_ref idref="fl-59"/>
      </object_component>
      <object_component id="oc-b5">
         <name>.bss</name>
         <uninitialized>true</uninitialized>
         <run_address>0x7994</run_address>
         <size>0x8</size>
         <input_file_ref idref="fl-3b"/>
      </object_component>
      <object_component id="oc-7c">
         <name>.bss</name>
         <uninitialized>true</uninitialized>
         <run_address>0x799c</run_address>
         <size>0x8</size>
         <input_file_ref idref="fl-2e"/>
      </object_component>
      <object_component id="oc-147">
         <name>.const:__ctypes_</name>
         <load_address>0x99a4</load_address>
         <run_address>0x99a4</run_address>
         <size>0x202</size>
         <input_file_ref idref="fl-41"/>
      </object_component>
      <object_component id="oc-bd">
         <name>.const:.string</name>
         <load_address>0x9ba8</load_address>
         <run_address>0x9ba8</run_address>
         <size>0x48</size>
         <input_file_ref idref="fl-3c"/>
      </object_component>
      <object_component id="oc-2e">
         <name>.const</name>
         <load_address>0x9bf0</load_address>
         <run_address>0x9bf0</run_address>
         <size>0x2c</size>
         <input_file_ref idref="fl-6"/>
      </object_component>
      <object_component id="oc-36">
         <name>.const:.string</name>
         <load_address>0x9c1c</load_address>
         <run_address>0x9c1c</run_address>
         <size>0x20</size>
         <input_file_ref idref="fl-7"/>
      </object_component>
      <object_component id="oc-bc">
         <name>.const</name>
         <load_address>0x9c3c</load_address>
         <run_address>0x9c3c</run_address>
         <size>0x18</size>
         <input_file_ref idref="fl-3c"/>
      </object_component>
      <object_component id="oc-146">
         <name>.const:_initial_approx$1</name>
         <load_address>0x9c54</load_address>
         <run_address>0x9c54</run_address>
         <size>0x10</size>
         <input_file_ref idref="fl-2d"/>
      </object_component>
      <object_component id="oc-e0">
         <name>.const:.string</name>
         <load_address>0x9c64</load_address>
         <run_address>0x9c64</run_address>
         <size>0x4</size>
         <input_file_ref idref="fl-45"/>
      </object_component>
      <object_component id="oc-90">
         <name>.const</name>
         <load_address>0x9c68</load_address>
         <run_address>0x9c68</run_address>
         <size>0x4</size>
         <input_file_ref idref="fl-32"/>
      </object_component>
      <object_component id="oc-99">
         <name>.const</name>
         <load_address>0x9c6c</load_address>
         <run_address>0x9c6c</run_address>
         <size>0x4</size>
         <input_file_ref idref="fl-34"/>
      </object_component>
      <object_component id="oc-13a">
         <name>.sysmem</name>
         <uninitialized>true</uninitialized>
         <run_address>0x79a4</run_address>
         <size>0x0</size>
         <input_file_ref idref="fl-59"/>
      </object_component>
      <object_component id="oc-161">
         <name>.sysmem</name>
         <uninitialized>true</uninitialized>
         <run_address>0x79a4</run_address>
         <size>0x0</size>
      </object_component>
      <object_component id="oc-16">
         <name>.cinit</name>
         <load_address>0x40240</load_address>
         <run_address>0x40240</run_address>
         <size>0xe6</size>
         <input_file_ref idref="fl-2"/>
      </object_component>
      <object_component id="oc-f2">
         <name>.cinit</name>
         <load_address>0x40326</load_address>
         <run_address>0x40326</run_address>
         <size>0x5a</size>
         <input_file_ref idref="fl-49"/>
      </object_component>
      <object_component id="oc-d4">
         <name>.cinit</name>
         <load_address>0x40380</load_address>
         <run_address>0x40380</run_address>
         <size>0x54</size>
         <input_file_ref idref="fl-42"/>
      </object_component>
      <object_component id="oc-b7">
         <name>.cinit</name>
         <load_address>0x403d4</load_address>
         <run_address>0x403d4</run_address>
         <size>0x14</size>
         <input_file_ref idref="fl-3b"/>
      </object_component>
      <object_component id="oc-7e">
         <name>.cinit</name>
         <load_address>0x403e8</load_address>
         <run_address>0x403e8</run_address>
         <size>0x14</size>
         <input_file_ref idref="fl-2e"/>
      </object_component>
      <object_component id="oc-35">
         <name>.cinit</name>
         <load_address>0x403fc</load_address>
         <run_address>0x403fc</run_address>
         <size>0x12</size>
         <input_file_ref idref="fl-7"/>
      </object_component>
      <object_component id="oc-2d">
         <name>.cinit</name>
         <load_address>0x4040e</load_address>
         <run_address>0x4040e</run_address>
         <size>0x8</size>
         <input_file_ref idref="fl-6"/>
      </object_component>
      <object_component id="oc-133">
         <name>.cinit</name>
         <load_address>0x40416</load_address>
         <run_address>0x40416</run_address>
         <size>0x8</size>
         <input_file_ref idref="fl-58"/>
      </object_component>
      <object_component id="oc-139">
         <name>.cinit</name>
         <load_address>0x4041e</load_address>
         <run_address>0x4041e</run_address>
         <size>0x8</size>
         <input_file_ref idref="fl-59"/>
      </object_component>
      <object_component id="oc-61">
         <name>.cinit</name>
         <load_address>0x40426</load_address>
         <run_address>0x40426</run_address>
         <size>0x8</size>
         <input_file_ref idref="fl-15"/>
      </object_component>
      <object_component id="oc-114">
         <name>.cio</name>
         <uninitialized>true</uninitialized>
         <run_address>0x40000</run_address>
         <size>0x240</size>
         <input_file_ref idref="fl-51"/>
      </object_component>
      <object_component id="oc-12">
         <name>vectors</name>
         <load_address>0x4de00</load_address>
         <run_address>0x4de00</run_address>
         <size>0x100</size>
         <input_file_ref idref="fl-f"/>
      </object_component>
      <object_component id="oc-15">
         <name>.debug_info</name>
         <load_address>0x0</load_address>
         <run_address>0x0</run_address>
         <size>0x14bd</size>
         <input_file_ref idref="fl-2"/>
      </object_component>
      <object_component id="oc-1c">
         <name>.debug_info</name>
         <load_address>0x14bd</load_address>
         <run_address>0x14bd</run_address>
         <size>0x836</size>
         <input_file_ref idref="fl-3"/>
      </object_component>
      <object_component id="oc-21">
         <name>.debug_info</name>
         <load_address>0x1cf3</load_address>
         <run_address>0x1cf3</run_address>
         <size>0x6e2</size>
         <input_file_ref idref="fl-4"/>
      </object_component>
      <object_component id="oc-26">
         <name>.debug_info</name>
         <load_address>0x23d5</load_address>
         <run_address>0x23d5</run_address>
         <size>0x6c0</size>
         <input_file_ref idref="fl-5"/>
      </object_component>
      <object_component id="oc-2c">
         <name>.debug_info</name>
         <load_address>0x2a95</load_address>
         <run_address>0x2a95</run_address>
         <size>0x208e</size>
         <input_file_ref idref="fl-6"/>
      </object_component>
      <object_component id="oc-34">
         <name>.debug_info</name>
         <load_address>0x4b23</load_address>
         <run_address>0x4b23</run_address>
         <size>0xf90</size>
         <input_file_ref idref="fl-7"/>
      </object_component>
      <object_component id="oc-3b">
         <name>.debug_info</name>
         <load_address>0x5ab3</load_address>
         <run_address>0x5ab3</run_address>
         <size>0xd0</size>
         <input_file_ref idref="fl-8"/>
      </object_component>
      <object_component id="oc-3f">
         <name>.debug_info</name>
         <load_address>0x5b83</load_address>
         <run_address>0x5b83</run_address>
         <size>0xdf</size>
         <input_file_ref idref="fl-9"/>
      </object_component>
      <object_component id="oc-43">
         <name>.debug_info</name>
         <load_address>0x5c62</load_address>
         <run_address>0x5c62</run_address>
         <size>0xdb</size>
         <input_file_ref idref="fl-a"/>
      </object_component>
      <object_component id="oc-47">
         <name>.debug_info</name>
         <load_address>0x5d3d</load_address>
         <run_address>0x5d3d</run_address>
         <size>0xe1</size>
         <input_file_ref idref="fl-b"/>
      </object_component>
      <object_component id="oc-4b">
         <name>.debug_info</name>
         <load_address>0x5e1e</load_address>
         <run_address>0x5e1e</run_address>
         <size>0xdd</size>
         <input_file_ref idref="fl-c"/>
      </object_component>
      <object_component id="oc-50">
         <name>.debug_info</name>
         <load_address>0x5efb</load_address>
         <run_address>0x5efb</run_address>
         <size>0x911</size>
         <input_file_ref idref="fl-d"/>
      </object_component>
      <object_component id="oc-56">
         <name>.debug_info</name>
         <load_address>0x680c</load_address>
         <run_address>0x680c</run_address>
         <size>0xf7</size>
         <input_file_ref idref="fl-f"/>
      </object_component>
      <object_component id="oc-5a">
         <name>.debug_info</name>
         <load_address>0x6903</load_address>
         <run_address>0x6903</run_address>
         <size>0xef2</size>
         <input_file_ref idref="fl-14"/>
      </object_component>
      <object_component id="oc-60">
         <name>.debug_info</name>
         <load_address>0x77f5</load_address>
         <run_address>0x77f5</run_address>
         <size>0xbd8</size>
         <input_file_ref idref="fl-15"/>
      </object_component>
      <object_component id="oc-66">
         <name>.debug_info</name>
         <load_address>0x83cd</load_address>
         <run_address>0x83cd</run_address>
         <size>0x836</size>
         <input_file_ref idref="fl-16"/>
      </object_component>
      <object_component id="oc-6b">
         <name>.debug_info</name>
         <load_address>0x8c03</load_address>
         <run_address>0x8c03</run_address>
         <size>0x69c</size>
         <input_file_ref idref="fl-17"/>
      </object_component>
      <object_component id="oc-70">
         <name>.debug_info</name>
         <load_address>0x929f</load_address>
         <run_address>0x929f</run_address>
         <size>0x5ab</size>
         <input_file_ref idref="fl-2b"/>
      </object_component>
      <object_component id="oc-74">
         <name>.debug_info</name>
         <load_address>0x984a</load_address>
         <run_address>0x984a</run_address>
         <size>0xe8</size>
         <input_file_ref idref="fl-2c"/>
      </object_component>
      <object_component id="oc-78">
         <name>.debug_info</name>
         <load_address>0x9932</load_address>
         <run_address>0x9932</run_address>
         <size>0x7e8</size>
         <input_file_ref idref="fl-2d"/>
      </object_component>
      <object_component id="oc-7d">
         <name>.debug_info</name>
         <load_address>0xa11a</load_address>
         <run_address>0xa11a</run_address>
         <size>0x5fb</size>
         <input_file_ref idref="fl-2e"/>
      </object_component>
      <object_component id="oc-83">
         <name>.debug_info</name>
         <load_address>0xa715</load_address>
         <run_address>0xa715</run_address>
         <size>0x4cf</size>
         <input_file_ref idref="fl-2f"/>
      </object_component>
      <object_component id="oc-87">
         <name>.debug_info</name>
         <load_address>0xabe4</load_address>
         <run_address>0xabe4</run_address>
         <size>0x534</size>
         <input_file_ref idref="fl-30"/>
      </object_component>
      <object_component id="oc-8b">
         <name>.debug_info</name>
         <load_address>0xb118</load_address>
         <run_address>0xb118</run_address>
         <size>0x4cf</size>
         <input_file_ref idref="fl-31"/>
      </object_component>
      <object_component id="oc-8f">
         <name>.debug_info</name>
         <load_address>0xb5e7</load_address>
         <run_address>0xb5e7</run_address>
         <size>0x549</size>
         <input_file_ref idref="fl-32"/>
      </object_component>
      <object_component id="oc-94">
         <name>.debug_info</name>
         <load_address>0xbb30</load_address>
         <run_address>0xbb30</run_address>
         <size>0x4cf</size>
         <input_file_ref idref="fl-33"/>
      </object_component>
      <object_component id="oc-98">
         <name>.debug_info</name>
         <load_address>0xbfff</load_address>
         <run_address>0xbfff</run_address>
         <size>0x549</size>
         <input_file_ref idref="fl-34"/>
      </object_component>
      <object_component id="oc-9d">
         <name>.debug_info</name>
         <load_address>0xc548</load_address>
         <run_address>0xc548</run_address>
         <size>0x53e</size>
         <input_file_ref idref="fl-35"/>
      </object_component>
      <object_component id="oc-a1">
         <name>.debug_info</name>
         <load_address>0xca86</load_address>
         <run_address>0xca86</run_address>
         <size>0xbd</size>
         <input_file_ref idref="fl-36"/>
      </object_component>
      <object_component id="oc-a5">
         <name>.debug_info</name>
         <load_address>0xcb43</load_address>
         <run_address>0xcb43</run_address>
         <size>0x55b</size>
         <input_file_ref idref="fl-37"/>
      </object_component>
      <object_component id="oc-a9">
         <name>.debug_info</name>
         <load_address>0xd09e</load_address>
         <run_address>0xd09e</run_address>
         <size>0x76c</size>
         <input_file_ref idref="fl-38"/>
      </object_component>
      <object_component id="oc-ad">
         <name>.debug_info</name>
         <load_address>0xd80a</load_address>
         <run_address>0xd80a</run_address>
         <size>0x589</size>
         <input_file_ref idref="fl-39"/>
      </object_component>
      <object_component id="oc-b1">
         <name>.debug_info</name>
         <load_address>0xdd93</load_address>
         <run_address>0xdd93</run_address>
         <size>0x4de</size>
         <input_file_ref idref="fl-3a"/>
      </object_component>
      <object_component id="oc-b6">
         <name>.debug_info</name>
         <load_address>0xe271</load_address>
         <run_address>0xe271</run_address>
         <size>0x5bc</size>
         <input_file_ref idref="fl-3b"/>
      </object_component>
      <object_component id="oc-bb">
         <name>.debug_info</name>
         <load_address>0xe82d</load_address>
         <run_address>0xe82d</run_address>
         <size>0x27bd</size>
         <input_file_ref idref="fl-3c"/>
      </object_component>
      <object_component id="oc-c1">
         <name>.debug_info</name>
         <load_address>0x10fea</load_address>
         <run_address>0x10fea</run_address>
         <size>0x586</size>
         <input_file_ref idref="fl-3d"/>
      </object_component>
      <object_component id="oc-c5">
         <name>.debug_info</name>
         <load_address>0x11570</load_address>
         <run_address>0x11570</run_address>
         <size>0x5a4</size>
         <input_file_ref idref="fl-3e"/>
      </object_component>
      <object_component id="oc-c9">
         <name>.debug_info</name>
         <load_address>0x11b14</load_address>
         <run_address>0x11b14</run_address>
         <size>0xcd</size>
         <input_file_ref idref="fl-3f"/>
      </object_component>
      <object_component id="oc-cd">
         <name>.debug_info</name>
         <load_address>0x11be1</load_address>
         <run_address>0x11be1</run_address>
         <size>0x81f</size>
         <input_file_ref idref="fl-40"/>
      </object_component>
      <object_component id="oc-d0">
         <name>.debug_info</name>
         <load_address>0x12400</load_address>
         <run_address>0x12400</run_address>
         <size>0x498</size>
         <input_file_ref idref="fl-41"/>
      </object_component>
      <object_component id="oc-d3">
         <name>.debug_info</name>
         <load_address>0x12898</load_address>
         <run_address>0x12898</run_address>
         <size>0x57e</size>
         <input_file_ref idref="fl-42"/>
      </object_component>
      <object_component id="oc-d7">
         <name>.debug_info</name>
         <load_address>0x12e16</load_address>
         <run_address>0x12e16</run_address>
         <size>0x534</size>
         <input_file_ref idref="fl-43"/>
      </object_component>
      <object_component id="oc-db">
         <name>.debug_info</name>
         <load_address>0x1334a</load_address>
         <run_address>0x1334a</run_address>
         <size>0x6aa</size>
         <input_file_ref idref="fl-44"/>
      </object_component>
      <object_component id="oc-df">
         <name>.debug_info</name>
         <load_address>0x139f4</load_address>
         <run_address>0x139f4</run_address>
         <size>0x942</size>
         <input_file_ref idref="fl-45"/>
      </object_component>
      <object_component id="oc-e4">
         <name>.debug_info</name>
         <load_address>0x14336</load_address>
         <run_address>0x14336</run_address>
         <size>0x4d2</size>
         <input_file_ref idref="fl-46"/>
      </object_component>
      <object_component id="oc-e8">
         <name>.debug_info</name>
         <load_address>0x14808</load_address>
         <run_address>0x14808</run_address>
         <size>0x680</size>
         <input_file_ref idref="fl-47"/>
      </object_component>
      <object_component id="oc-ec">
         <name>.debug_info</name>
         <load_address>0x14e88</load_address>
         <run_address>0x14e88</run_address>
         <size>0x7d4</size>
         <input_file_ref idref="fl-48"/>
      </object_component>
      <object_component id="oc-f1">
         <name>.debug_info</name>
         <load_address>0x1565c</load_address>
         <run_address>0x1565c</run_address>
         <size>0x144b</size>
         <input_file_ref idref="fl-49"/>
      </object_component>
      <object_component id="oc-f6">
         <name>.debug_info</name>
         <load_address>0x16aa7</load_address>
         <run_address>0x16aa7</run_address>
         <size>0x5ad</size>
         <input_file_ref idref="fl-4a"/>
      </object_component>
      <object_component id="oc-fa">
         <name>.debug_info</name>
         <load_address>0x17054</load_address>
         <run_address>0x17054</run_address>
         <size>0x574</size>
         <input_file_ref idref="fl-4b"/>
      </object_component>
      <object_component id="oc-fe">
         <name>.debug_info</name>
         <load_address>0x175c8</load_address>
         <run_address>0x175c8</run_address>
         <size>0xd1</size>
         <input_file_ref idref="fl-4c"/>
      </object_component>
      <object_component id="oc-102">
         <name>.debug_info</name>
         <load_address>0x17699</load_address>
         <run_address>0x17699</run_address>
         <size>0x4b7</size>
         <input_file_ref idref="fl-4d"/>
      </object_component>
      <object_component id="oc-106">
         <name>.debug_info</name>
         <load_address>0x17b50</load_address>
         <run_address>0x17b50</run_address>
         <size>0x4f2</size>
         <input_file_ref idref="fl-4e"/>
      </object_component>
      <object_component id="oc-10a">
         <name>.debug_info</name>
         <load_address>0x18042</load_address>
         <run_address>0x18042</run_address>
         <size>0x534</size>
         <input_file_ref idref="fl-4f"/>
      </object_component>
      <object_component id="oc-10f">
         <name>.debug_info</name>
         <load_address>0x18576</load_address>
         <run_address>0x18576</run_address>
         <size>0xed4</size>
         <input_file_ref idref="fl-50"/>
      </object_component>
      <object_component id="oc-113">
         <name>.debug_info</name>
         <load_address>0x1944a</load_address>
         <run_address>0x1944a</run_address>
         <size>0x744</size>
         <input_file_ref idref="fl-51"/>
      </object_component>
      <object_component id="oc-119">
         <name>.debug_info</name>
         <load_address>0x19b8e</load_address>
         <run_address>0x19b8e</run_address>
         <size>0xef</size>
         <input_file_ref idref="fl-52"/>
      </object_component>
      <object_component id="oc-11d">
         <name>.debug_info</name>
         <load_address>0x19c7d</load_address>
         <run_address>0x19c7d</run_address>
         <size>0x662</size>
         <input_file_ref idref="fl-53"/>
      </object_component>
      <object_component id="oc-121">
         <name>.debug_info</name>
         <load_address>0x1a2df</load_address>
         <run_address>0x1a2df</run_address>
         <size>0x4f2</size>
         <input_file_ref idref="fl-54"/>
      </object_component>
      <object_component id="oc-125">
         <name>.debug_info</name>
         <load_address>0x1a7d1</load_address>
         <run_address>0x1a7d1</run_address>
         <size>0x706</size>
         <input_file_ref idref="fl-55"/>
      </object_component>
      <object_component id="oc-129">
         <name>.debug_info</name>
         <load_address>0x1aed7</load_address>
         <run_address>0x1aed7</run_address>
         <size>0x5f7</size>
         <input_file_ref idref="fl-56"/>
      </object_component>
      <object_component id="oc-12d">
         <name>.debug_info</name>
         <load_address>0x1b4ce</load_address>
         <run_address>0x1b4ce</run_address>
         <size>0x64a</size>
         <input_file_ref idref="fl-57"/>
      </object_component>
      <object_component id="oc-132">
         <name>.debug_info</name>
         <load_address>0x1bb18</load_address>
         <run_address>0x1bb18</run_address>
         <size>0xa1c</size>
         <input_file_ref idref="fl-58"/>
      </object_component>
      <object_component id="oc-138">
         <name>.debug_info</name>
         <load_address>0x1c534</load_address>
         <run_address>0x1c534</run_address>
         <size>0xb97</size>
         <input_file_ref idref="fl-59"/>
      </object_component>
      <object_component id="oc-13e">
         <name>.debug_info</name>
         <load_address>0x1d0cb</load_address>
         <run_address>0x1d0cb</run_address>
         <size>0x64f</size>
         <input_file_ref idref="fl-5a"/>
      </object_component>
      <object_component id="oc-142">
         <name>.debug_info</name>
         <load_address>0x1d71a</load_address>
         <run_address>0x1d71a</run_address>
         <size>0x510</size>
         <input_file_ref idref="fl-5b"/>
      </object_component>
      <object_component id="oc-16a">
         <name>.debug_info</name>
         <load_address>0x1dc2a</load_address>
         <run_address>0x1dc2a</run_address>
         <size>0x6e</size>
      </object_component>
      <object_component id="oc-18">
         <name>.debug_frame</name>
         <load_address>0x0</load_address>
         <run_address>0x0</run_address>
         <size>0x283</size>
         <input_file_ref idref="fl-2"/>
      </object_component>
      <object_component id="oc-1d">
         <name>.debug_frame</name>
         <load_address>0x283</load_address>
         <run_address>0x283</run_address>
         <size>0x16a</size>
         <input_file_ref idref="fl-3"/>
      </object_component>
      <object_component id="oc-22">
         <name>.debug_frame</name>
         <load_address>0x3ed</load_address>
         <run_address>0x3ed</run_address>
         <size>0xe4</size>
         <input_file_ref idref="fl-4"/>
      </object_component>
      <object_component id="oc-27">
         <name>.debug_frame</name>
         <load_address>0x4d1</load_address>
         <run_address>0x4d1</run_address>
         <size>0xfb</size>
         <input_file_ref idref="fl-5"/>
      </object_component>
      <object_component id="oc-2f">
         <name>.debug_frame</name>
         <load_address>0x5cc</load_address>
         <run_address>0x5cc</run_address>
         <size>0x335</size>
         <input_file_ref idref="fl-6"/>
      </object_component>
      <object_component id="oc-37">
         <name>.debug_frame</name>
         <load_address>0x901</load_address>
         <run_address>0x901</run_address>
         <size>0x1bc</size>
         <input_file_ref idref="fl-7"/>
      </object_component>
      <object_component id="oc-51">
         <name>.debug_frame</name>
         <load_address>0xabd</load_address>
         <run_address>0xabd</run_address>
         <size>0xfd</size>
         <input_file_ref idref="fl-d"/>
      </object_component>
      <object_component id="oc-5b">
         <name>.debug_frame</name>
         <load_address>0xbba</load_address>
         <run_address>0xbba</run_address>
         <size>0x1d9</size>
         <input_file_ref idref="fl-14"/>
      </object_component>
      <object_component id="oc-62">
         <name>.debug_frame</name>
         <load_address>0xd93</load_address>
         <run_address>0xd93</run_address>
         <size>0x14a</size>
         <input_file_ref idref="fl-15"/>
      </object_component>
      <object_component id="oc-67">
         <name>.debug_frame</name>
         <load_address>0xedd</load_address>
         <run_address>0xedd</run_address>
         <size>0x135</size>
         <input_file_ref idref="fl-16"/>
      </object_component>
      <object_component id="oc-6c">
         <name>.debug_frame</name>
         <load_address>0x1012</load_address>
         <run_address>0x1012</run_address>
         <size>0x116</size>
         <input_file_ref idref="fl-17"/>
      </object_component>
      <object_component id="oc-19">
         <name>.debug_line</name>
         <load_address>0x0</load_address>
         <run_address>0x0</run_address>
         <size>0x27d</size>
         <input_file_ref idref="fl-2"/>
      </object_component>
      <object_component id="oc-1e">
         <name>.debug_line</name>
         <load_address>0x27d</load_address>
         <run_address>0x27d</run_address>
         <size>0xc5</size>
         <input_file_ref idref="fl-3"/>
      </object_component>
      <object_component id="oc-23">
         <name>.debug_line</name>
         <load_address>0x342</load_address>
         <run_address>0x342</run_address>
         <size>0x53</size>
         <input_file_ref idref="fl-4"/>
      </object_component>
      <object_component id="oc-28">
         <name>.debug_line</name>
         <load_address>0x395</load_address>
         <run_address>0x395</run_address>
         <size>0xb3</size>
         <input_file_ref idref="fl-5"/>
      </object_component>
      <object_component id="oc-30">
         <name>.debug_line</name>
         <load_address>0x448</load_address>
         <run_address>0x448</run_address>
         <size>0x2ea</size>
         <input_file_ref idref="fl-6"/>
      </object_component>
      <object_component id="oc-38">
         <name>.debug_line</name>
         <load_address>0x732</load_address>
         <run_address>0x732</run_address>
         <size>0x1ca</size>
         <input_file_ref idref="fl-7"/>
      </object_component>
      <object_component id="oc-3c">
         <name>.debug_line</name>
         <load_address>0x8fc</load_address>
         <run_address>0x8fc</run_address>
         <size>0x62</size>
         <input_file_ref idref="fl-8"/>
      </object_component>
      <object_component id="oc-40">
         <name>.debug_line</name>
         <load_address>0x95e</load_address>
         <run_address>0x95e</run_address>
         <size>0xb7</size>
         <input_file_ref idref="fl-9"/>
      </object_component>
      <object_component id="oc-44">
         <name>.debug_line</name>
         <load_address>0xa15</load_address>
         <run_address>0xa15</run_address>
         <size>0xc5</size>
         <input_file_ref idref="fl-a"/>
      </object_component>
      <object_component id="oc-48">
         <name>.debug_line</name>
         <load_address>0xada</load_address>
         <run_address>0xada</run_address>
         <size>0xba</size>
         <input_file_ref idref="fl-b"/>
      </object_component>
      <object_component id="oc-4c">
         <name>.debug_line</name>
         <load_address>0xb94</load_address>
         <run_address>0xb94</run_address>
         <size>0xc0</size>
         <input_file_ref idref="fl-c"/>
      </object_component>
      <object_component id="oc-52">
         <name>.debug_line</name>
         <load_address>0xc54</load_address>
         <run_address>0xc54</run_address>
         <size>0x97</size>
         <input_file_ref idref="fl-d"/>
      </object_component>
      <object_component id="oc-57">
         <name>.debug_line</name>
         <load_address>0xceb</load_address>
         <run_address>0xceb</run_address>
         <size>0x6b</size>
         <input_file_ref idref="fl-f"/>
      </object_component>
      <object_component id="oc-5c">
         <name>.debug_line</name>
         <load_address>0xd56</load_address>
         <run_address>0xd56</run_address>
         <size>0x1b0</size>
         <input_file_ref idref="fl-14"/>
      </object_component>
      <object_component id="oc-63">
         <name>.debug_line</name>
         <load_address>0xf06</load_address>
         <run_address>0xf06</run_address>
         <size>0x16c</size>
         <input_file_ref idref="fl-15"/>
      </object_component>
      <object_component id="oc-68">
         <name>.debug_line</name>
         <load_address>0x1072</load_address>
         <run_address>0x1072</run_address>
         <size>0xdf</size>
         <input_file_ref idref="fl-16"/>
      </object_component>
      <object_component id="oc-6d">
         <name>.debug_line</name>
         <load_address>0x1151</load_address>
         <run_address>0x1151</run_address>
         <size>0x84</size>
         <input_file_ref idref="fl-17"/>
      </object_component>
      <object_component id="oc-71">
         <name>.debug_line</name>
         <load_address>0x11d5</load_address>
         <run_address>0x11d5</run_address>
         <size>0x5c</size>
         <input_file_ref idref="fl-2b"/>
      </object_component>
      <object_component id="oc-75">
         <name>.debug_line</name>
         <load_address>0x1231</load_address>
         <run_address>0x1231</run_address>
         <size>0x54</size>
         <input_file_ref idref="fl-2c"/>
      </object_component>
      <object_component id="oc-79">
         <name>.debug_line</name>
         <load_address>0x1285</load_address>
         <run_address>0x1285</run_address>
         <size>0x5b</size>
         <input_file_ref idref="fl-2d"/>
      </object_component>
      <object_component id="oc-80">
         <name>.debug_line</name>
         <load_address>0x12e0</load_address>
         <run_address>0x12e0</run_address>
         <size>0x51</size>
         <input_file_ref idref="fl-2e"/>
      </object_component>
      <object_component id="oc-84">
         <name>.debug_line</name>
         <load_address>0x1331</load_address>
         <run_address>0x1331</run_address>
         <size>0x3d</size>
         <input_file_ref idref="fl-2f"/>
      </object_component>
      <object_component id="oc-88">
         <name>.debug_line</name>
         <load_address>0x136e</load_address>
         <run_address>0x136e</run_address>
         <size>0x3d</size>
         <input_file_ref idref="fl-30"/>
      </object_component>
      <object_component id="oc-8c">
         <name>.debug_line</name>
         <load_address>0x13ab</load_address>
         <run_address>0x13ab</run_address>
         <size>0x3d</size>
         <input_file_ref idref="fl-31"/>
      </object_component>
      <object_component id="oc-91">
         <name>.debug_line</name>
         <load_address>0x13e8</load_address>
         <run_address>0x13e8</run_address>
         <size>0x44</size>
         <input_file_ref idref="fl-32"/>
      </object_component>
      <object_component id="oc-95">
         <name>.debug_line</name>
         <load_address>0x142c</load_address>
         <run_address>0x142c</run_address>
         <size>0x3d</size>
         <input_file_ref idref="fl-33"/>
      </object_component>
      <object_component id="oc-9a">
         <name>.debug_line</name>
         <load_address>0x1469</load_address>
         <run_address>0x1469</run_address>
         <size>0x44</size>
         <input_file_ref idref="fl-34"/>
      </object_component>
      <object_component id="oc-9e">
         <name>.debug_line</name>
         <load_address>0x14ad</load_address>
         <run_address>0x14ad</run_address>
         <size>0x40</size>
         <input_file_ref idref="fl-35"/>
      </object_component>
      <object_component id="oc-a2">
         <name>.debug_line</name>
         <load_address>0x14ed</load_address>
         <run_address>0x14ed</run_address>
         <size>0x3c</size>
         <input_file_ref idref="fl-36"/>
      </object_component>
      <object_component id="oc-a6">
         <name>.debug_line</name>
         <load_address>0x1529</load_address>
         <run_address>0x1529</run_address>
         <size>0x3c</size>
         <input_file_ref idref="fl-37"/>
      </object_component>
      <object_component id="oc-aa">
         <name>.debug_line</name>
         <load_address>0x1565</load_address>
         <run_address>0x1565</run_address>
         <size>0x69</size>
         <input_file_ref idref="fl-38"/>
      </object_component>
      <object_component id="oc-ae">
         <name>.debug_line</name>
         <load_address>0x15ce</load_address>
         <run_address>0x15ce</run_address>
         <size>0x57</size>
         <input_file_ref idref="fl-39"/>
      </object_component>
      <object_component id="oc-b2">
         <name>.debug_line</name>
         <load_address>0x1625</load_address>
         <run_address>0x1625</run_address>
         <size>0x37</size>
         <input_file_ref idref="fl-3a"/>
      </object_component>
      <object_component id="oc-b8">
         <name>.debug_line</name>
         <load_address>0x165c</load_address>
         <run_address>0x165c</run_address>
         <size>0x57</size>
         <input_file_ref idref="fl-3b"/>
      </object_component>
      <object_component id="oc-be">
         <name>.debug_line</name>
         <load_address>0x16b3</load_address>
         <run_address>0x16b3</run_address>
         <size>0x328</size>
         <input_file_ref idref="fl-3c"/>
      </object_component>
      <object_component id="oc-c2">
         <name>.debug_line</name>
         <load_address>0x19db</load_address>
         <run_address>0x19db</run_address>
         <size>0x41</size>
         <input_file_ref idref="fl-3d"/>
      </object_component>
      <object_component id="oc-c6">
         <name>.debug_line</name>
         <load_address>0x1a1c</load_address>
         <run_address>0x1a1c</run_address>
         <size>0x46</size>
         <input_file_ref idref="fl-3e"/>
      </object_component>
      <object_component id="oc-ca">
         <name>.debug_line</name>
         <load_address>0x1a62</load_address>
         <run_address>0x1a62</run_address>
         <size>0x55</size>
         <input_file_ref idref="fl-3f"/>
      </object_component>
      <object_component id="oc-ce">
         <name>.debug_line</name>
         <load_address>0x1ab7</load_address>
         <run_address>0x1ab7</run_address>
         <size>0xad</size>
         <input_file_ref idref="fl-40"/>
      </object_component>
      <object_component id="oc-d8">
         <name>.debug_line</name>
         <load_address>0x1b64</load_address>
         <run_address>0x1b64</run_address>
         <size>0x44</size>
         <input_file_ref idref="fl-43"/>
      </object_component>
      <object_component id="oc-dc">
         <name>.debug_line</name>
         <load_address>0x1ba8</load_address>
         <run_address>0x1ba8</run_address>
         <size>0x56</size>
         <input_file_ref idref="fl-44"/>
      </object_component>
      <object_component id="oc-e1">
         <name>.debug_line</name>
         <load_address>0x1bfe</load_address>
         <run_address>0x1bfe</run_address>
         <size>0xa8</size>
         <input_file_ref idref="fl-45"/>
      </object_component>
      <object_component id="oc-e5">
         <name>.debug_line</name>
         <load_address>0x1ca6</load_address>
         <run_address>0x1ca6</run_address>
         <size>0x3a</size>
         <input_file_ref idref="fl-46"/>
      </object_component>
      <object_component id="oc-e9">
         <name>.debug_line</name>
         <load_address>0x1ce0</load_address>
         <run_address>0x1ce0</run_address>
         <size>0x38</size>
         <input_file_ref idref="fl-47"/>
      </object_component>
      <object_component id="oc-ed">
         <name>.debug_line</name>
         <load_address>0x1d18</load_address>
         <run_address>0x1d18</run_address>
         <size>0xa8</size>
         <input_file_ref idref="fl-48"/>
      </object_component>
      <object_component id="oc-f3">
         <name>.debug_line</name>
         <load_address>0x1dc0</load_address>
         <run_address>0x1dc0</run_address>
         <size>0x1b0</size>
         <input_file_ref idref="fl-49"/>
      </object_component>
      <object_component id="oc-f7">
         <name>.debug_line</name>
         <load_address>0x1f70</load_address>
         <run_address>0x1f70</run_address>
         <size>0x40</size>
         <input_file_ref idref="fl-4a"/>
      </object_component>
      <object_component id="oc-fb">
         <name>.debug_line</name>
         <load_address>0x1fb0</load_address>
         <run_address>0x1fb0</run_address>
         <size>0x3c</size>
         <input_file_ref idref="fl-4b"/>
      </object_component>
      <object_component id="oc-ff">
         <name>.debug_line</name>
         <load_address>0x1fec</load_address>
         <run_address>0x1fec</run_address>
         <size>0x4d</size>
         <input_file_ref idref="fl-4c"/>
      </object_component>
      <object_component id="oc-103">
         <name>.debug_line</name>
         <load_address>0x2039</load_address>
         <run_address>0x2039</run_address>
         <size>0x37</size>
         <input_file_ref idref="fl-4d"/>
      </object_component>
      <object_component id="oc-107">
         <name>.debug_line</name>
         <load_address>0x2070</load_address>
         <run_address>0x2070</run_address>
         <size>0x3c</size>
         <input_file_ref idref="fl-4e"/>
      </object_component>
      <object_component id="oc-10b">
         <name>.debug_line</name>
         <load_address>0x20ac</load_address>
         <run_address>0x20ac</run_address>
         <size>0x44</size>
         <input_file_ref idref="fl-4f"/>
      </object_component>
      <object_component id="oc-110">
         <name>.debug_line</name>
         <load_address>0x20f0</load_address>
         <run_address>0x20f0</run_address>
         <size>0x15d</size>
         <input_file_ref idref="fl-50"/>
      </object_component>
      <object_component id="oc-116">
         <name>.debug_line</name>
         <load_address>0x224d</load_address>
         <run_address>0x224d</run_address>
         <size>0x6a</size>
         <input_file_ref idref="fl-51"/>
      </object_component>
      <object_component id="oc-11a">
         <name>.debug_line</name>
         <load_address>0x22b7</load_address>
         <run_address>0x22b7</run_address>
         <size>0x58</size>
         <input_file_ref idref="fl-52"/>
      </object_component>
      <object_component id="oc-11e">
         <name>.debug_line</name>
         <load_address>0x230f</load_address>
         <run_address>0x230f</run_address>
         <size>0x57</size>
         <input_file_ref idref="fl-53"/>
      </object_component>
      <object_component id="oc-122">
         <name>.debug_line</name>
         <load_address>0x2366</load_address>
         <run_address>0x2366</run_address>
         <size>0x3c</size>
         <input_file_ref idref="fl-54"/>
      </object_component>
      <object_component id="oc-126">
         <name>.debug_line</name>
         <load_address>0x23a2</load_address>
         <run_address>0x23a2</run_address>
         <size>0x5b</size>
         <input_file_ref idref="fl-55"/>
      </object_component>
      <object_component id="oc-12a">
         <name>.debug_line</name>
         <load_address>0x23fd</load_address>
         <run_address>0x23fd</run_address>
         <size>0x3c</size>
         <input_file_ref idref="fl-56"/>
      </object_component>
      <object_component id="oc-12e">
         <name>.debug_line</name>
         <load_address>0x2439</load_address>
         <run_address>0x2439</run_address>
         <size>0x3f</size>
         <input_file_ref idref="fl-57"/>
      </object_component>
      <object_component id="oc-134">
         <name>.debug_line</name>
         <load_address>0x2478</load_address>
         <run_address>0x2478</run_address>
         <size>0xd7</size>
         <input_file_ref idref="fl-58"/>
      </object_component>
      <object_component id="oc-13b">
         <name>.debug_line</name>
         <load_address>0x254f</load_address>
         <run_address>0x254f</run_address>
         <size>0x112</size>
         <input_file_ref idref="fl-59"/>
      </object_component>
      <object_component id="oc-13f">
         <name>.debug_line</name>
         <load_address>0x2661</load_address>
         <run_address>0x2661</run_address>
         <size>0x3d</size>
         <input_file_ref idref="fl-5a"/>
      </object_component>
      <object_component id="oc-143">
         <name>.debug_line</name>
         <load_address>0x269e</load_address>
         <run_address>0x269e</run_address>
         <size>0x39</size>
         <input_file_ref idref="fl-5b"/>
      </object_component>
      <object_component id="oc-1a">
         <name>.debug_abbrev</name>
         <load_address>0x0</load_address>
         <run_address>0x0</run_address>
         <size>0x1af</size>
         <input_file_ref idref="fl-2"/>
      </object_component>
      <object_component id="oc-1f">
         <name>.debug_abbrev</name>
         <load_address>0x1af</load_address>
         <run_address>0x1af</run_address>
         <size>0xeb</size>
         <input_file_ref idref="fl-3"/>
      </object_component>
      <object_component id="oc-24">
         <name>.debug_abbrev</name>
         <load_address>0x29a</load_address>
         <run_address>0x29a</run_address>
         <size>0xe2</size>
[...]
         <object_component_ref idref="oc-59"/>
      </symbol>
      <symbol id="sm-287">
         <name>_USBSTK5515_I2C_reset</name>
         <value>0x34ca1</value>
         <object_component_ref idref="oc-5e"/>
      </symbol>
      <symbol id="sm-288">
         <name>_USBSTK5515_I2C_read</name>
         <value>0x34d3e</value>
         <object_component_ref idref="oc-5e"/>
      </symbol>
      <symbol id="sm-289">
         <name>_USBSTK5515_I2C_write</name>
         <value>0x34caf</value>
         <object_component_ref idref="oc-5e"/>
      </symbol>
      <symbol id="sm-28a">
         <name>_USBSTK5515_I2C_close</name>
         <value>0x34c98</value>
         <object_component_ref idref="oc-5e"/>
      </symbol>
      <symbol id="sm-28b">
         <name>_i2c_timeout</name>
         <value>0x7452</value>
         <object_component_ref idref="oc-5f"/>
      </symbol>
      <symbol id="sm-28c">
         <name>_USBSTK5515_I2C_init</name>
         <value>0x34c79</value>
         <object_component_ref idref="oc-5e"/>
      </symbol>
      <symbol id="sm-2a0">
         <name>_USBSTK5515_GPIO_setDirection</name>
         <value>0x349db</value>
         <object_component_ref idref="oc-65"/>
      </symbol>
      <symbol id="sm-2a1">
         <name>_USBSTK5515_GPIO_getInput</name>
         <value>0x34ad5</value>
         <object_component_ref idref="oc-65"/>
      </symbol>
      <symbol id="sm-2a2">
         <name>_USBSTK5515_GPIO_init</name>
         <value>0x349d7</value>
         <object_component_ref idref="oc-65"/>
      </symbol>
      <symbol id="sm-2a3">
         <name>_USBSTK5515_GPIO_setOutput</name>
         <value>0x34a58</value>
         <object_component_ref idref="oc-65"/>
      </symbol>
      <symbol id="sm-2b1">
         <name>_USBSTK5515_wait</name>
         <value>0x35c22</value>
         <object_component_ref idref="oc-6a"/>
      </symbol>
      <symbol id="sm-2b2">
         <name>_USBSTK5515_init</name>
         <value>0x35c68</value>
         <object_component_ref idref="oc-6a"/>
      </symbol>
      <symbol id="sm-2b3">
         <name>_USBSTK5515_waitusec</name>
         <value>0x35c56</value>
         <object_component_ref idref="oc-6a"/>
      </symbol>
      <symbol id="sm-2bd">
         <name>__addd</name>
         <value>0x33acb</value>
         <object_component_ref idref="oc-6f"/>
      </symbol>
      <symbol id="sm-2c9">
         <name>__sysstack</name>
         <value>0x20c0</value>
         <object_component_ref idref="oc-145"/>
      </symbol>
      <symbol id="sm-2ca">
         <name>_c_int00</name>
         <value>0x35e6e</value>
         <object_component_ref idref="oc-11"/>
      </symbol>
      <symbol id="sm-2cb">
         <name>__stack</name>
         <value>0xc0</value>
         <object_component_ref idref="oc-73"/>
      </symbol>
      <symbol id="sm-2d7">
         <name>__divd</name>
         <value>0x33222</value>
         <object_component_ref idref="oc-77"/>
      </symbol>
      <symbol id="sm-2e7">
         <name>C$$EXIT</name>
         <value>0x35fe4</value>
         <object_component_ref idref="oc-7f"/>
      </symbol>
      <symbol id="sm-2e8">
         <name>_exit</name>
         <value>0x35e30</value>
         <object_component_ref idref="oc-7b"/>
      </symbol>
      <symbol id="sm-2e9">
         <name>_abort</name>
         <value>0x35fe3</value>
         <object_component_ref idref="oc-7f"/>
      </symbol>
      <symbol id="sm-2ea">
         <name>__cleanup_ptr</name>
         <value>0x799c</value>
         <object_component_ref idref="oc-7c"/>
      </symbol>
      <symbol id="sm-2eb">
         <name>__dtors_ptr</name>
         <value>0x79a0</value>
         <object_component_ref idref="oc-7c"/>
      </symbol>
      <symbol id="sm-2f5">
         <name>__fixdi</name>
         <value>0x35ed4</value>
         <object_component_ref idref="oc-82"/>
      </symbol>
      <symbol id="sm-2ff">
         <name>__fixdli</name>
         <value>0x359bd</value>
         <object_component_ref idref="oc-86"/>
      </symbol>
      <symbol id="sm-309">
         <name>__fltid</name>
         <value>0x35fcd</value>
         <object_component_ref idref="oc-8a"/>
      </symbol>
      <symbol id="sm-315">
         <name>__fltlid</name>
         <value>0x35b04</value>
         <object_component_ref idref="oc-8e"/>
      </symbol>
      <symbol id="sm-31f">
         <name>__fltud</name>
         <value>0x35fbf</value>
         <object_component_ref idref="oc-93"/>
      </symbol>
      <symbol id="sm-32b">
         <name>__fltuld</name>
         <value>0x35bc7</value>
         <object_component_ref idref="oc-97"/>
      </symbol>
      <symbol id="sm-335">
         <name>__frcmpyd_div</name>
         <value>0x358d8</value>
         <object_component_ref idref="oc-9c"/>
      </symbol>
      <symbol id="sm-33d">
         <name>__mpyli</name>
         <value>0x35f79</value>
         <object_component_ref idref="oc-a0"/>
      </symbol>
      <symbol id="sm-33e">
         <name>I$$LMPY</name>
         <value>0x35f79</value>
         <object_component_ref idref="oc-a0"/>
      </symbol>
      <symbol id="sm-348">
         <name>__mpyd</name>
         <value>0x34b2d</value>
         <object_component_ref idref="oc-a4"/>
      </symbol>
      <symbol id="sm-352">
         <name>_printf</name>
         <value>0x35c76</value>
         <object_component_ref idref="oc-a8"/>
      </symbol>
      <symbol id="sm-35c">
         <name>_strlen</name>
         <value>0x35f9e</value>
         <object_component_ref idref="oc-ac"/>
      </symbol>
      <symbol id="sm-366">
         <name>__subd</name>
         <value>0x35f65</value>
         <object_component_ref idref="oc-b0"/>
      </symbol>
      <symbol id="sm-374">
         <name>__unlock</name>
         <value>0x7998</value>
         <object_component_ref idref="oc-b5"/>
      </symbol>
      <symbol id="sm-375">
         <name>__lock</name>
         <value>0x7994</value>
         <object_component_ref idref="oc-b5"/>
      </symbol>
      <symbol id="sm-376">
         <name>__register_lock</name>
         <value>0x35f94</value>
         <object_component_ref idref="oc-b4"/>
      </symbol>
      <symbol id="sm-377">
         <name>__nop</name>
         <value>0x35f9c</value>
         <object_component_ref idref="oc-b4"/>
      </symbol>
      <symbol id="sm-378">
         <name>__register_unlock</name>
         <value>0x35f8c</value>
         <object_component_ref idref="oc-b4"/>
      </symbol>
      <symbol id="sm-38a">
         <name>__printfi</name>
         <value>0x31362</value>
         <object_component_ref idref="oc-ba"/>
      </symbol>
      <symbol id="sm-394">
         <name>__args_main</name>
         <value>0x35d13</value>
         <object_component_ref idref="oc-c0"/>
      </symbol>
      <symbol id="sm-395">
         <name>__TI_args_main</name>
         <value>0x1</value>
      </symbol>
      <symbol id="sm-39f">
         <name>_atoi</name>
         <value>0x35b6b</value>
         <object_component_ref idref="oc-c4"/>
      </symbol>
      <symbol id="sm-3a7">
         <name>_auto_init</name>
         <value>0x35cc6</value>
         <object_component_ref idref="oc-c8"/>
      </symbol>
      <symbol id="sm-3b1">
         <name>__eqld</name>
         <value>0x342b6</value>
         <object_component_ref idref="oc-cc"/>
      </symbol>
      <symbol id="sm-3b2">
         <name>__cmpd</name>
         <value>0x342ea</value>
         <object_component_ref idref="oc-cc"/>
      </symbol>
      <symbol id="sm-3b3">
         <name>__neqd</name>
         <value>0x34158</value>
         <object_component_ref idref="oc-cc"/>
      </symbol>
      <symbol id="sm-3b4">
         <name>__gtrd</name>
         <value>0x34221</value>
         <object_component_ref idref="oc-cc"/>
      </symbol>
      <symbol id="sm-3b5">
         <name>__geqd</name>
         <value>0x3426c</value>
         <object_component_ref idref="oc-cc"/>
      </symbol>
      <symbol id="sm-3b6">
         <name>__leqd</name>
         <value>0x341d4</value>
         <object_component_ref idref="oc-cc"/>
      </symbol>
      <symbol id="sm-3b7">
         <name>__lssd</name>
         <value>0x3418c</value>
         <object_component_ref idref="oc-cc"/>
      </symbol>
      <symbol id="sm-3bf">
         <name>__ctypes_</name>
         <value>0x99a4</value>
         <object_component_ref idref="oc-147"/>
      </symbol>
      <symbol id="sm-3c9">
         <name>__tmpnams</name>
         <value>0x7310</value>
         <object_component_ref idref="oc-d2"/>
      </symbol>
      <symbol id="sm-3ca">
         <name>__ft_end</name>
         <value>0x7450</value>
         <object_component_ref idref="oc-d2"/>
      </symbol>
      <symbol id="sm-3cb">
         <name>__ftable</name>
         <value>0x7220</value>
         <object_component_ref idref="oc-d2"/>
      </symbol>
      <symbol id="sm-3d6">
         <name>__divul</name>
         <value>0x354d1</value>
         <object_component_ref idref="oc-d6"/>
      </symbol>
      <symbol id="sm-3e0">
         <name>_putchar</name>
         <value>0x354c2</value>
         <object_component_ref idref="oc-da"/>
      </symbol>
      <symbol id="sm-3e1">
         <name>_putc</name>
         <value>0x3542b</value>
         <object_component_ref idref="oc-da"/>
      </symbol>
      <symbol id="sm-3e2">
         <name>_fputc</name>
         <value>0x3542b</value>
         <object_component_ref idref="oc-da"/>
      </symbol>
      <symbol id="sm-3f0">
         <name>_puts</name>
         <value>0x349a9</value>
         <object_component_ref idref="oc-de"/>
      </symbol>
      <symbol id="sm-3f1">
         <name>_fputs</name>
         <value>0x34874</value>
         <object_component_ref idref="oc-de"/>
      </symbol>
      <symbol id="sm-3fb">
         <name>__frcmpyd</name>
         <value>0x35779</value>
         <object_component_ref idref="oc-e3"/>
      </symbol>
      <symbol id="sm-405">
         <name>___isinf</name>
         <value>0x35f4b</value>
         <object_component_ref idref="oc-e7"/>
      </symbol>
      <symbol id="sm-40f">
         <name>__divull</name>
         <value>0x339a2</value>
         <object_component_ref idref="oc-eb"/>
      </symbol>
      <symbol id="sm-410">
         <name>__mpylli</name>
         <value>0x338ea</value>
         <object_component_ref idref="oc-eb"/>
      </symbol>
      <symbol id="sm-411">
         <name>__remlli</name>
         <value>0x338bb</value>
         <object_component_ref idref="oc-eb"/>
      </symbol>
      <symbol id="sm-412">
         <name>__divlli</name>
         <value>0x33a96</value>
         <object_component_ref idref="oc-eb"/>
      </symbol>
      <symbol id="sm-413">
         <name>__remull</name>
         <value>0x3386d</value>
         <object_component_ref idref="oc-eb"/>
      </symbol>
      <symbol id="sm-425">
         <name>_add_device</name>
         <value>0x322a6</value>
         <object_component_ref idref="oc-ef"/>
      </symbol>
      <symbol id="sm-426">
         <name>_rename</name>
         <value>0x31fc8</value>
         <object_component_ref idref="oc-ef"/>
      </symbol>
      <symbol id="sm-427">
         <name>_read</name>
         <value>0x32057</value>
         <object_component_ref idref="oc-ef"/>
      </symbol>
      <symbol id="sm-428">
         <name>_unlink</name>
         <value>0x31f95</value>
         <object_component_ref idref="oc-ef"/>
      </symbol>
      <symbol id="sm-429">
         <name>_remove_device</name>
         <value>0x32021</value>
         <object_component_ref idref="oc-ef"/>
      </symbol>
      <symbol id="sm-42a">
         <name>_open</name>
         <value>0x32105</value>
         <object_component_ref idref="oc-ef"/>
      </symbol>
      <symbol id="sm-42b">
         <name>_find_registered_device</name>
         <value>0x3222a</value>
         <object_component_ref idref="oc-ef"/>
      </symbol>
      <symbol id="sm-42c">
         <name>_lseek</name>
         <value>0x321c4</value>
         <object_component_ref idref="oc-ef"/>
      </symbol>
      <symbol id="sm-42d">
         <name>_close</name>
         <value>0x32233</value>
         <object_component_ref idref="oc-ef"/>
      </symbol>
      <symbol id="sm-42e">
         <name>_write</name>
         <value>0x31e53</value>
         <object_component_ref idref="oc-ef"/>
      </symbol>
      <symbol id="sm-438">
         <name>_ltoa</name>
         <value>0x35681</value>
         <object_component_ref idref="oc-f5"/>
      </symbol>
      <symbol id="sm-443">
         <name>_memccpy</name>
         <value>0x35f28</value>
         <object_component_ref idref="oc-f9"/>
      </symbol>
      <symbol id="sm-44b">
         <name>_memcpy</name>
         <value>0x35df1</value>
         <object_component_ref idref="oc-fd"/>
      </symbol>
      <symbol id="sm-455">
         <name>__negd</name>
         <value>0x35faf</value>
         <object_component_ref idref="oc-101"/>
      </symbol>
      <symbol id="sm-45f">
         <name>__remli</name>
         <value>0x35d5e</value>
         <object_component_ref idref="oc-105"/>
      </symbol>
      <symbol id="sm-46a">
         <name>__remul</name>
         <value>0x3594b</value>
         <object_component_ref idref="oc-109"/>
      </symbol>
      <symbol id="sm-476">
         <name>_HOSTopen</name>
         <value>0x326a1</value>
         <object_component_ref idref="oc-10d"/>
      </symbol>
      <symbol id="sm-477">
         <name>_HOSTread</name>
         <value>0x32614</value>
         <object_component_ref idref="oc-10d"/>
      </symbol>
      <symbol id="sm-478">
         <name>_HOSTtime</name>
         <value>0x32508</value>
         <object_component_ref idref="oc-10d"/>
      </symbol>
      <symbol id="sm-479">
         <name>_getenv</name>
         <value>0x32396</value>
         <object_component_ref idref="oc-10d"/>
      </symbol>
      <symbol id="sm-47a">
         <name>_HOSTrename</name>
         <value>0x32566</value>
         <object_component_ref idref="oc-10d"/>
      </symbol>
      <symbol id="sm-47b">
         <name>_HOSTclock</name>
         <value>0x32860</value>
         <object_component_ref idref="oc-10d"/>
      </symbol>
      <symbol id="sm-47c">
         <name>_HOSTwrite</name>
         <value>0x32411</value>
         <object_component_ref idref="oc-10d"/>
      </symbol>
      <symbol id="sm-47d">
         <name>_HOSTlseek</name>
         <value>0x32740</value>
         <object_component_ref idref="oc-10d"/>
      </symbol>
      <symbol id="sm-47e">
         <name>_HOSTunlink</name>
         <value>0x3249e</value>
         <object_component_ref idref="oc-10d"/>
      </symbol>
      <symbol id="sm-47f">
         <name>_HOSTclose</name>
         <value>0x327f5</value>
         <object_component_ref idref="oc-10d"/>
      </symbol>
      <symbol id="sm-491">
         <name>C$$IO$$</name>
         <value>0x35426</value>
         <object_component_ref idref="oc-115"/>
      </symbol>
      <symbol id="sm-492">
         <name>__CIOBUF_</name>
         <value>0x40000</value>
         <object_component_ref idref="oc-114"/>
      </symbol>
      <symbol id="sm-493">
         <name>_readmsg</name>
         <value>0x35a2c</value>
         <object_component_ref idref="oc-112"/>
      </symbol>
      <symbol id="sm-494">
         <name>_writemsg</name>
         <value>0x35371</value>
         <object_component_ref idref="oc-115"/>
      </symbol>
      <symbol id="sm-49c">
         <name>__remu</name>
         <value>0x35f13</value>
         <object_component_ref idref="oc-118"/>
      </symbol>
      <symbol id="sm-49d">
         <name>__divu</name>
         <value>0x35efe</value>
         <object_component_ref idref="oc-118"/>
      </symbol>
      <symbol id="sm-49e">
         <name>I$$UMOD</name>
         <value>0x35f13</value>
         <object_component_ref idref="oc-118"/>
      </symbol>
      <symbol id="sm-49f">
         <name>I$$UDIV</name>
         <value>0x35efe</value>
         <object_component_ref idref="oc-118"/>
      </symbol>
      <symbol id="sm-4a9">
         <name>__rd_ok</name>
         <value>0x3517d</value>
         <object_component_ref idref="oc-11c"/>
      </symbol>
      <symbol id="sm-4aa">
         <name>__wrt_ok</name>
         <value>0x350fd</value>
         <object_component_ref idref="oc-11c"/>
      </symbol>
      <symbol id="sm-4b4">
         <name>__divli</name>
         <value>0x35da9</value>
         <object_component_ref idref="oc-120"/>
      </symbol>
      <symbol id="sm-4be">
         <name>__doflush</name>
         <value>0x352af</value>
         <object_component_ref idref="oc-124"/>
      </symbol>
      <symbol id="sm-4bf">
         <name>_fflush</name>
         <value>0x35318</value>
         <object_component_ref idref="oc-124"/>
      </symbol>
      <symbol id="sm-4c9">
         <name>_fseek</name>
         <value>0x35a99</value>
         <object_component_ref idref="oc-128"/>
      </symbol>
      <symbol id="sm-4d3">
         <name>_setvbuf</name>
         <value>0x35017</value>
         <object_component_ref idref="oc-12c"/>
      </symbol>
      <symbol id="sm-4e2">
         <name>__cleanup</name>
         <value>0x3370f</value>
         <object_component_ref idref="oc-130"/>
      </symbol>
      <symbol id="sm-4e3">
         <name>_fopen</name>
         <value>0x33832</value>
         <object_component_ref idref="oc-130"/>
      </symbol>
      <symbol id="sm-4e4">
         <name>_freopen</name>
         <value>0x33769</value>
         <object_component_ref idref="oc-130"/>
      </symbol>
      <symbol id="sm-4f4">
         <name>__sys_memory</name>
         <value>0x79a4</value>
         <object_component_ref idref="oc-13a"/>
      </symbol>
      <symbol id="sm-4f5">
         <name>_chkheap</name>
         <value>0x32d45</value>
         <object_component_ref idref="oc-136"/>
      </symbol>
      <symbol id="sm-4f6">
         <name>_realloc</name>
         <value>0x32ae4</value>
         <object_component_ref idref="oc-136"/>
      </symbol>
      <symbol id="sm-4f7">
         <name>_free_memory</name>
         <value>0x32cef</value>
         <object_component_ref idref="oc-136"/>
      </symbol>
      <symbol id="sm-4f8">
         <name>_max_free</name>
         <value>0x32c95</value>
         <object_component_ref idref="oc-136"/>
      </symbol>
      <symbol id="sm-4f9">
         <name>_free</name>
         <value>0x328be</value>
         <object_component_ref idref="oc-136"/>
      </symbol>
      <symbol id="sm-4fa">
         <name>_calloc</name>
         <value>0x32d4d</value>
         <object_component_ref idref="oc-136"/>
      </symbol>
      <symbol id="sm-4fb">
         <name>_malloc</name>
         <value>0x329ef</value>
         <object_component_ref idref="oc-136"/>
      </symbol>
      <symbol id="sm-4fc">
         <name>_minit</name>
         <value>0x3298a</value>
         <object_component_ref idref="oc-136"/>
      </symbol>
      <symbol id="sm-506">
         <name>_fclose</name>
         <value>0x356fe</value>
         <object_component_ref idref="oc-13d"/>
      </symbol>
      <symbol id="sm-510">
         <name>_remove</name>
         <value>0x35fd9</value>
         <object_component_ref idref="oc-141"/>
      </symbol>
   </symbol_table>
</link_info>
