<?xml version="1.0"?>
<link_info>
   <banner>TMS320C55x Linker PC v4.4.1</banner>
   <copyright>Copyright (c) 1996-2012 Texas Instruments Incorporated</copyright>
   <link_time>0x584749fa</link_time>
   <output_file>synthesiaDSP.out</output_file>
   <entry_point>
      <name>_c_int00</name>
      <address>0x369d2</address>
   </entry_point>
   <input_file_list>
      <input_file id="fl-2">
         <path>.\</path>
         <kind>object</kind>
         <file>C5515_AIC3204_setup.obj</file>
         <name>C5515_AIC3204_setup.obj</name>
      </input_file>
      <input_file id="fl-3">
         <path>.\</path>
         <kind>object</kind>
         <file>C5515_UART.obj</file>
         <name>C5515_UART.obj</name>
      </input_file>
      <input_file id="fl-4">
         <path>.\</path>
         <kind>object</kind>
         <file>C55_setup.obj</file>
         <name>C55_setup.obj</name>
      </input_file>
      <input_file id="fl-5">
         <path>.\</path>
         <kind>object</kind>
         <file>InitializeC55xxCPU.obj</file>
         <name>InitializeC55xxCPU.obj</name>
      </input_file>
      <input_file id="fl-6">
         <path>.\</path>
         <kind>object</kind>
         <file>Support_Plotting_1_1.obj</file>
         <name>Support_Plotting_1_1.obj</name>
      </input_file>
      <input_file id="fl-7">
         <path>.\</path>
         <kind>object</kind>
         <file>WP_packet_support.obj</file>
         <name>WP_packet_support.obj</name>
      </input_file>
      <input_file id="fl-8">
         <path>.\</path>
         <kind>object</kind>
         <file>cbrev32.obj</file>
         <name>cbrev32.obj</name>
      </input_file>
      <input_file id="fl-9">
         <path>.\</path>
         <kind>object</kind>
         <file>cfft32_noscale.obj</file>
         <name>cfft32_noscale.obj</name>
      </input_file>
      <input_file id="fl-a">
         <path>.\</path>
         <kind>object</kind>
         <file>cfft32_scale.obj</file>
         <name>cfft32_scale.obj</name>
      </input_file>
      <input_file id="fl-b">
         <path>.\</path>
         <kind>object</kind>
         <file>cifft32_noscale.obj</file>
         <name>cifft32_noscale.obj</name>
      </input_file>
      <input_file id="fl-c">
         <path>.\</path>
         <kind>object</kind>
         <file>cifft32_scale.obj</file>
         <name>cifft32_scale.obj</name>
      </input_file>
      <input_file id="fl-d">
         <path>.\</path>
         <kind>object</kind>
         <file>main.obj</file>
         <name>main.obj</name>
      </input_file>
      <input_file id="fl-e">
         <path>.\</path>
         <kind>object</kind>
         <file>main0.obj</file>
         <name>main0.obj</name>
      </input_file>
      <input_file id="fl-f">
         <path>.\</path>
         <kind>object</kind>
         <file>twiddle32.obj</file>
         <name>twiddle32.obj</name>
      </input_file>
      <input_file id="fl-10">
         <path>.\</path>
         <kind>object</kind>
         <file>vectors.obj</file>
         <name>vectors.obj</name>
      </input_file>
      <input_file id="fl-15">
         <path>..\</path>
         <kind>archive</kind>
         <file>usbstk5515bsl.lib</file>
         <name>usbstk5515_led.obj</name>
      </input_file>
      <input_file id="fl-16">
         <path>..\</path>
         <kind>archive</kind>
         <file>usbstk5515bsl.lib</file>
         <name>usbstk5515_i2c.obj</name>
      </input_file>
      <input_file id="fl-17">
         <path>..\</path>
         <kind>archive</kind>
         <file>usbstk5515bsl.lib</file>
         <name>usbstk5515_gpio.obj</name>
      </input_file>
      <input_file id="fl-18">
         <path>..\</path>
         <kind>archive</kind>
         <file>usbstk5515bsl.lib</file>
         <name>usbstk5515.obj</name>
      </input_file>
      <input_file id="fl-2c">
         <path>C:\VApps\ticcs\6p1p0\ccsv6\tools\compiler\c5500_4.4.1\lib\</path>
         <kind>archive</kind>
         <file>rts55x.lib</file>
         <name>addd.obj</name>
      </input_file>
      <input_file id="fl-2d">
         <path>C:\VApps\ticcs\6p1p0\ccsv6\tools\compiler\c5500_4.4.1\lib\</path>
         <kind>archive</kind>
         <file>rts55x.lib</file>
         <name>boot.obj</name>
      </input_file>
      <input_file id="fl-2e">
         <path>C:\VApps\ticcs\6p1p0\ccsv6\tools\compiler\c5500_4.4.1\lib\</path>
         <kind>archive</kind>
         <file>rts55x.lib</file>
         <name>divd.obj</name>
      </input_file>
      <input_file id="fl-2f">
         <path>C:\VApps\ticcs\6p1p0\ccsv6\tools\compiler\c5500_4.4.1\lib\</path>
         <kind>archive</kind>
         <file>rts55x.lib</file>
         <name>exit.obj</name>
      </input_file>
      <input_file id="fl-30">
         <path>C:\VApps\ticcs\6p1p0\ccsv6\tools\compiler\c5500_4.4.1\lib\</path>
         <kind>archive</kind>
         <file>rts55x.lib</file>
         <name>fixdi.obj</name>
      </input_file>
      <input_file id="fl-31">
         <path>C:\VApps\ticcs\6p1p0\ccsv6\tools\compiler\c5500_4.4.1\lib\</path>
         <kind>archive</kind>
         <file>rts55x.lib</file>
         <name>fixdli.obj</name>
      </input_file>
      <input_file id="fl-32">
         <path>C:\VApps\ticcs\6p1p0\ccsv6\tools\compiler\c5500_4.4.1\lib\</path>
         <kind>archive</kind>
         <file>rts55x.lib</file>
         <name>fltid.obj</name>
      </input_file>
      <input_file id="fl-33">
         <path>C:\VApps\ticcs\6p1p0\ccsv6\tools\compiler\c5500_4.4.1\lib\</path>
         <kind>archive</kind>
         <file>rts55x.lib</file>
         <name>fltlid.obj</name>
      </input_file>
      <input_file id="fl-34">
         <path>C:\VApps\ticcs\6p1p0\ccsv6\tools\compiler\c5500_4.4.1\lib\</path>
         <kind>archive</kind>
         <file>rts55x.lib</file>
         <name>fltud.obj</name>
      </input_file>
      <input_file id="fl-35">
         <path>C:\VApps\ticcs\6p1p0\ccsv6\tools\compiler\c5500_4.4.1\lib\</path>
         <kind>archive</kind>
         <file>rts55x.lib</file>
         <name>fltuld.obj</name>
      </input_file>
      <input_file id="fl-36">
         <path>C:\VApps\ticcs\6p1p0\ccsv6\tools\compiler\c5500_4.4.1\lib\</path>
         <kind>archive</kind>
         <file>rts55x.lib</file>
         <name>frcmpyd_div.obj</name>
      </input_file>
      <input_file id="fl-37">
         <path>C:\VApps\ticcs\6p1p0\ccsv6\tools\compiler\c5500_4.4.1\lib\</path>
         <kind>archive</kind>
         <file>rts55x.lib</file>
         <name>lmpy.obj</name>
      </input_file>
      <input_file id="fl-38">
         <path>C:\VApps\ticcs\6p1p0\ccsv6\tools\compiler\c5500_4.4.1\lib\</path>
         <kind>archive</kind>
         <file>rts55x.lib</file>
         <name>mpyd.obj</name>
      </input_file>
      <input_file id="fl-39">
         <path>C:\VApps\ticcs\6p1p0\ccsv6\tools\compiler\c5500_4.4.1\lib\</path>
         <kind>archive</kind>
         <file>rts55x.lib</file>
         <name>pow.obj</name>
      </input_file>
      <input_file id="fl-3a">
         <path>C:\VApps\ticcs\6p1p0\ccsv6\tools\compiler\c5500_4.4.1\lib\</path>
         <kind>archive</kind>
         <file>rts55x.lib</file>
         <name>printf.obj</name>
      </input_file>
      <input_file id="fl-3b">
         <path>C:\VApps\ticcs\6p1p0\ccsv6\tools\compiler\c5500_4.4.1\lib\</path>
         <kind>archive</kind>
         <file>rts55x.lib</file>
         <name>round.obj</name>
      </input_file>
      <input_file id="fl-3c">
         <path>C:\VApps\ticcs\6p1p0\ccsv6\tools\compiler\c5500_4.4.1\lib\</path>
         <kind>archive</kind>
         <file>rts55x.lib</file>
         <name>sqrt.obj</name>
      </input_file>
      <input_file id="fl-3d">
         <path>C:\VApps\ticcs\6p1p0\ccsv6\tools\compiler\c5500_4.4.1\lib\</path>
         <kind>archive</kind>
         <file>rts55x.lib</file>
         <name>strlen.obj</name>
      </input_file>
      <input_file id="fl-3e">
         <path>C:\VApps\ticcs\6p1p0\ccsv6\tools\compiler\c5500_4.4.1\lib\</path>
         <kind>archive</kind>
         <file>rts55x.lib</file>
         <name>subd.obj</name>
      </input_file>
      <input_file id="fl-3f">
         <path>C:\VApps\ticcs\6p1p0\ccsv6\tools\compiler\c5500_4.4.1\lib\</path>
         <kind>archive</kind>
         <file>rts55x.lib</file>
         <name>trunc.obj</name>
      </input_file>
      <input_file id="fl-40">
         <path>C:\VApps\ticcs\6p1p0\ccsv6\tools\compiler\c5500_4.4.1\lib\</path>
         <kind>archive</kind>
         <file>rts55x.lib</file>
         <name>_lock.obj</name>
      </input_file>
      <input_file id="fl-41">
         <path>C:\VApps\ticcs\6p1p0\ccsv6\tools\compiler\c5500_4.4.1\lib\</path>
         <kind>archive</kind>
         <file>rts55x.lib</file>
         <name>_printfi.obj</name>
      </input_file>
      <input_file id="fl-42">
         <path>C:\VApps\ticcs\6p1p0\ccsv6\tools\compiler\c5500_4.4.1\lib\</path>
         <kind>archive</kind>
         <file>rts55x.lib</file>
         <name>args_main.obj</name>
      </input_file>
      <input_file id="fl-43">
         <path>C:\VApps\ticcs\6p1p0\ccsv6\tools\compiler\c5500_4.4.1\lib\</path>
         <kind>archive</kind>
         <file>rts55x.lib</file>
         <name>atoi.obj</name>
      </input_file>
      <input_file id="fl-44">
         <path>C:\VApps\ticcs\6p1p0\ccsv6\tools\compiler\c5500_4.4.1\lib\</path>
         <kind>archive</kind>
         <file>rts55x.lib</file>
         <name>autoinit.obj</name>
      </input_file>
      <input_file id="fl-45">
         <path>C:\VApps\ticcs\6p1p0\ccsv6\tools\compiler\c5500_4.4.1\lib\</path>
         <kind>archive</kind>
         <file>rts55x.lib</file>
         <name>cmpd.obj</name>
      </input_file>
      <input_file id="fl-46">
         <path>C:\VApps\ticcs\6p1p0\ccsv6\tools\compiler\c5500_4.4.1\lib\</path>
         <kind>archive</kind>
         <file>rts55x.lib</file>
         <name>ctype.obj</name>
      </input_file>
      <input_file id="fl-47">
         <path>C:\VApps\ticcs\6p1p0\ccsv6\tools\compiler\c5500_4.4.1\lib\</path>
         <kind>archive</kind>
         <file>rts55x.lib</file>
         <name>defs.obj</name>
      </input_file>
      <input_file id="fl-48">
         <path>C:\VApps\ticcs\6p1p0\ccsv6\tools\compiler\c5500_4.4.1\lib\</path>
         <kind>archive</kind>
         <file>rts55x.lib</file>
         <name>divul.obj</name>
      </input_file>
      <input_file id="fl-49">
         <path>C:\VApps\ticcs\6p1p0\ccsv6\tools\compiler\c5500_4.4.1\lib\</path>
         <kind>archive</kind>
         <file>rts55x.lib</file>
         <name>errno.obj</name>
      </input_file>
      <input_file id="fl-4a">
         <path>C:\VApps\ticcs\6p1p0\ccsv6\tools\compiler\c5500_4.4.1\lib\</path>
         <kind>archive</kind>
         <file>rts55x.lib</file>
         <name>fputc.obj</name>
      </input_file>
      <input_file id="fl-4b">
         <path>C:\VApps\ticcs\6p1p0\ccsv6\tools\compiler\c5500_4.4.1\lib\</path>
         <kind>archive</kind>
         <file>rts55x.lib</file>
         <name>fputs.obj</name>
      </input_file>
      <input_file id="fl-4c">
         <path>C:\VApps\ticcs\6p1p0\ccsv6\tools\compiler\c5500_4.4.1\lib\</path>
         <kind>archive</kind>
         <file>rts55x.lib</file>
         <name>frcmpyd.obj</name>
      </input_file>
      <input_file id="fl-4d">
         <path>C:\VApps\ticcs\6p1p0\ccsv6\tools\compiler\c5500_4.4.1\lib\</path>
         <kind>archive</kind>
         <file>rts55x.lib</file>
         <name>frexp.obj</name>
      </input_file>
      <input_file id="fl-4e">
         <path>C:\VApps\ticcs\6p1p0\ccsv6\tools\compiler\c5500_4.4.1\lib\</path>
         <kind>archive</kind>
         <file>rts55x.lib</file>
         <name>isinf.obj</name>
      </input_file>
      <input_file id="fl-4f">
         <path>C:\VApps\ticcs\6p1p0\ccsv6\tools\compiler\c5500_4.4.1\lib\</path>
         <kind>archive</kind>
         <file>rts55x.lib</file>
         <name>ldexp.obj</name>
      </input_file>
      <input_file id="fl-50">
         <path>C:\VApps\ticcs\6p1p0\ccsv6\tools\compiler\c5500_4.4.1\lib\</path>
         <kind>archive</kind>
         <file>rts55x.lib</file>
         <name>llmpy.obj</name>
      </input_file>
      <input_file id="fl-51">
         <path>C:\VApps\ticcs\6p1p0\ccsv6\tools\compiler\c5500_4.4.1\lib\</path>
         <kind>archive</kind>
         <file>rts55x.lib</file>
         <name>lowlev.obj</name>
      </input_file>
      <input_file id="fl-52">
         <path>C:\VApps\ticcs\6p1p0\ccsv6\tools\compiler\c5500_4.4.1\lib\</path>
         <kind>archive</kind>
         <file>rts55x.lib</file>
         <name>ltoa.obj</name>
      </input_file>
      <input_file id="fl-53">
         <path>C:\VApps\ticcs\6p1p0\ccsv6\tools\compiler\c5500_4.4.1\lib\</path>
         <kind>archive</kind>
         <file>rts55x.lib</file>
         <name>memccpy.obj</name>
      </input_file>
      <input_file id="fl-54">
         <path>C:\VApps\ticcs\6p1p0\ccsv6\tools\compiler\c5500_4.4.1\lib\</path>
         <kind>archive</kind>
         <file>rts55x.lib</file>
         <name>memcpy.obj</name>
      </input_file>
      <input_file id="fl-55">
         <path>C:\VApps\ticcs\6p1p0\ccsv6\tools\compiler\c5500_4.4.1\lib\</path>
         <kind>archive</kind>
         <file>rts55x.lib</file>
         <name>modf.obj</name>
      </input_file>
      <input_file id="fl-56">
         <path>C:\VApps\ticcs\6p1p0\ccsv6\tools\compiler\c5500_4.4.1\lib\</path>
         <kind>archive</kind>
         <file>rts55x.lib</file>
         <name>negd.obj</name>
      </input_file>
      <input_file id="fl-57">
         <path>C:\VApps\ticcs\6p1p0\ccsv6\tools\compiler\c5500_4.4.1\lib\</path>
         <kind>archive</kind>
         <file>rts55x.lib</file>
         <name>remli.obj</name>
      </input_file>
      <input_file id="fl-58">
         <path>C:\VApps\ticcs\6p1p0\ccsv6\tools\compiler\c5500_4.4.1\lib\</path>
         <kind>archive</kind>
         <file>rts55x.lib</file>
         <name>remul.obj</name>
      </input_file>
      <input_file id="fl-59">
         <path>C:\VApps\ticcs\6p1p0\ccsv6\tools\compiler\c5500_4.4.1\lib\</path>
         <kind>archive</kind>
         <file>rts55x.lib</file>
         <name>trgdrv.obj</name>
      </input_file>
      <input_file id="fl-5a">
         <path>C:\VApps\ticcs\6p1p0\ccsv6\tools\compiler\c5500_4.4.1\lib\</path>
         <kind>archive</kind>
         <file>rts55x.lib</file>
         <name>trgmsg.obj</name>
      </input_file>
      <input_file id="fl-5b">
         <path>C:\VApps\ticcs\6p1p0\ccsv6\tools\compiler\c5500_4.4.1\lib\</path>
         <kind>archive</kind>
         <file>rts55x.lib</file>
         <name>udiv.obj</name>
      </input_file>
      <input_file id="fl-5c">
         <path>C:\VApps\ticcs\6p1p0\ccsv6\tools\compiler\c5500_4.4.1\lib\</path>
         <kind>archive</kind>
         <file>rts55x.lib</file>
         <name>_io_perm.obj</name>
      </input_file>
      <input_file id="fl-5d">
         <path>C:\VApps\ticcs\6p1p0\ccsv6\tools\compiler\c5500_4.4.1\lib\</path>
         <kind>archive</kind>
         <file>rts55x.lib</file>
         <name>divli.obj</name>
      </input_file>
      <input_file id="fl-5e">
         <path>C:\VApps\ticcs\6p1p0\ccsv6\tools\compiler\c5500_4.4.1\lib\</path>
         <kind>archive</kind>
         <file>rts55x.lib</file>
         <name>fflush.obj</name>
      </input_file>
      <input_file id="fl-5f">
         <path>C:\VApps\ticcs\6p1p0\ccsv6\tools\compiler\c5500_4.4.1\lib\</path>
         <kind>archive</kind>
         <file>rts55x.lib</file>
         <name>fseek.obj</name>
      </input_file>
      <input_file id="fl-60">
         <path>C:\VApps\ticcs\6p1p0\ccsv6\tools\compiler\c5500_4.4.1\lib\</path>
         <kind>archive</kind>
         <file>rts55x.lib</file>
         <name>setvbuf.obj</name>
      </input_file>
      <input_file id="fl-61">
         <path>C:\VApps\ticcs\6p1p0\ccsv6\tools\compiler\c5500_4.4.1\lib\</path>
         <kind>archive</kind>
         <file>rts55x.lib</file>
         <name>fopen.obj</name>
      </input_file>
      <input_file id="fl-62">
         <path>C:\VApps\ticcs\6p1p0\ccsv6\tools\compiler\c5500_4.4.1\lib\</path>
         <kind>archive</kind>
         <file>rts55x.lib</file>
         <name>memory.obj</name>
      </input_file>
      <input_file id="fl-63">
         <path>C:\VApps\ticcs\6p1p0\ccsv6\tools\compiler\c5500_4.4.1\lib\</path>
         <kind>archive</kind>
         <file>rts55x.lib</file>
         <name>fclose.obj</name>
      </input_file>
      <input_file id="fl-64">
         <path>C:\VApps\ticcs\6p1p0\ccsv6\tools\compiler\c5500_4.4.1\lib\</path>
         <kind>archive</kind>
         <file>rts55x.lib</file>
         <name>remove.obj</name>
      </input_file>
   </input_file_list>
   <object_component_list>
      <object_component id="oc-58">
         <name>.twiddle</name>
         <load_address>0x20000</load_address>
         <run_address>0x20000</run_address>
         <size>0x10000</size>
         <input_file_ref idref="fl-f"/>
      </object_component>
      <object_component id="oc-d4">
         <name>.text</name>
         <load_address>0x30000</load_address>
         <run_address>0x30000</run_address>
         <size>0x15a4</size>
         <input_file_ref idref="fl-41"/>
      </object_component>
      <object_component id="oc-2a">
         <name>.text</name>
         <load_address>0x315a4</load_address>
         <run_address>0x315a4</run_address>
         <size>0x8af</size>
         <input_file_ref idref="fl-6"/>
      </object_component>
      <object_component id="oc-ac">
         <name>.text</name>
         <load_address>0x31e53</load_address>
         <run_address>0x31e53</run_address>
         <size>0x5a6</size>
         <input_file_ref idref="fl-39"/>
      </object_component>
      <object_component id="oc-117">
         <name>.text</name>
         <load_address>0x323f9</load_address>
         <run_address>0x323f9</run_address>
         <size>0x543</size>
         <input_file_ref idref="fl-51"/>
      </object_component>
      <object_component id="oc-13a">
         <name>.text</name>
         <load_address>0x3293c</load_address>
         <run_address>0x3293c</run_address>
         <size>0x528</size>
         <input_file_ref idref="fl-59"/>
      </object_component>
      <object_component id="oc-163">
         <name>.text</name>
         <load_address>0x32e64</load_address>
         <run_address>0x32e64</run_address>
         <size>0x4b5</size>
         <input_file_ref idref="fl-62"/>
      </object_component>
      <object_component id="oc-13">
         <name>.text</name>
         <load_address>0x33319</load_address>
         <run_address>0x33319</run_address>
         <size>0x4af</size>
         <input_file_ref idref="fl-2"/>
      </object_component>
      <object_component id="oc-7b">
         <name>.text</name>
         <load_address>0x337c8</load_address>
         <run_address>0x337c8</run_address>
         <size>0x3cc</size>
         <input_file_ref idref="fl-2e"/>
      </object_component>
      <object_component id="oc-15d">
         <name>.text</name>
         <load_address>0x33b94</load_address>
         <run_address>0x33b94</run_address>
         <size>0x27f</size>
         <input_file_ref idref="fl-61"/>
      </object_component>
      <object_component id="oc-113">
         <name>.text</name>
         <load_address>0x33e13</load_address>
         <run_address>0x33e13</run_address>
         <size>0x25e</size>
         <input_file_ref idref="fl-50"/>
      </object_component>
      <object_component id="oc-73">
         <name>.text</name>
         <load_address>0x34071</load_address>
         <run_address>0x34071</run_address>
         <size>0x25a</size>
         <input_file_ref idref="fl-2c"/>
      </object_component>
      <object_component id="oc-32">
         <name>.text</name>
         <load_address>0x342cb</load_address>
         <run_address>0x342cb</run_address>
         <size>0x243</size>
         <input_file_ref idref="fl-7"/>
      </object_component>
      <object_component id="oc-4e">
         <name>.text</name>
         <load_address>0x3450e</load_address>
         <run_address>0x3450e</run_address>
         <size>0x1fe</size>
         <input_file_ref idref="fl-d"/>
      </object_component>
      <object_component id="oc-42">
         <name>.text</name>
         <load_address>0x3470c</load_address>
         <run_address>0x3470c</run_address>
         <size>0x1f0</size>
         <input_file_ref idref="fl-a"/>
      </object_component>
      <object_component id="oc-e6">
         <name>.text</name>
         <load_address>0x348fc</load_address>
         <run_address>0x348fc</run_address>
         <size>0x1ea</size>
         <input_file_ref idref="fl-45"/>
      </object_component>
      <object_component id="oc-4a">
         <name>.text</name>
         <load_address>0x34ae6</load_address>
         <run_address>0x34ae6</run_address>
         <size>0x1e2</size>
         <input_file_ref idref="fl-c"/>
      </object_component>
      <object_component id="oc-5d">
         <name>.text</name>
         <load_address>0x34cc8</load_address>
         <run_address>0x34cc8</run_address>
         <size>0x1c9</size>
         <input_file_ref idref="fl-15"/>
      </object_component>
      <object_component id="oc-17">
         <name>.text:retain</name>
         <load_address>0x34e91</load_address>
         <run_address>0x34e91</run_address>
         <size>0x187</size>
         <input_file_ref idref="fl-2"/>
      </object_component>
      <object_component id="oc-fc">
         <name>.text</name>
         <load_address>0x35018</load_address>
         <run_address>0x35018</run_address>
         <size>0x163</size>
         <input_file_ref idref="fl-4b"/>
      </object_component>
      <object_component id="oc-69">
         <name>.text</name>
         <load_address>0x3517b</load_address>
         <run_address>0x3517b</run_address>
         <size>0x156</size>
         <input_file_ref idref="fl-17"/>
      </object_component>
      <object_component id="oc-a8">
         <name>.text</name>
         <load_address>0x352d1</load_address>
         <run_address>0x352d1</run_address>
         <size>0x14c</size>
         <input_file_ref idref="fl-38"/>
      </object_component>
      <object_component id="oc-62">
         <name>.text</name>
         <load_address>0x3541d</load_address>
         <run_address>0x3541d</run_address>
         <size>0x13e</size>
         <input_file_ref idref="fl-16"/>
      </object_component>
      <object_component id="oc-46">
         <name>.text</name>
         <load_address>0x3555b</load_address>
         <run_address>0x3555b</run_address>
         <size>0x133</size>
         <input_file_ref idref="fl-b"/>
      </object_component>
      <object_component id="oc-3e">
         <name>.text</name>
         <load_address>0x3568e</load_address>
         <run_address>0x3568e</run_address>
         <size>0x12d</size>
         <input_file_ref idref="fl-9"/>
      </object_component>
      <object_component id="oc-bc">
         <name>.text</name>
         <load_address>0x357bb</load_address>
         <run_address>0x357bb</run_address>
         <size>0x116</size>
         <input_file_ref idref="fl-3c"/>
      </object_component>
      <object_component id="oc-10e">
         <name>.text</name>
         <load_address>0x358d1</load_address>
         <run_address>0x358d1</run_address>
         <size>0xf2</size>
         <input_file_ref idref="fl-4f"/>
      </object_component>
      <object_component id="oc-159">
         <name>.text</name>
         <load_address>0x359c3</load_address>
         <run_address>0x359c3</run_address>
         <size>0xe6</size>
         <input_file_ref idref="fl-60"/>
      </object_component>
      <object_component id="oc-149">
         <name>.text</name>
         <load_address>0x35aa9</load_address>
         <run_address>0x35aa9</run_address>
         <size>0xdd</size>
         <input_file_ref idref="fl-5c"/>
      </object_component>
      <object_component id="oc-25">
         <name>.text</name>
         <load_address>0x35b86</load_address>
         <run_address>0x35b86</run_address>
         <size>0xd5</size>
         <input_file_ref idref="fl-5"/>
      </object_component>
      <object_component id="oc-105">
         <name>.text</name>
         <load_address>0x35c5b</load_address>
         <run_address>0x35c5b</run_address>
         <size>0xcc</size>
         <input_file_ref idref="fl-4d"/>
      </object_component>
      <object_component id="oc-151">
         <name>.text</name>
         <load_address>0x35d27</load_address>
         <run_address>0x35d27</run_address>
         <size>0xc2</size>
         <input_file_ref idref="fl-5e"/>
      </object_component>
      <object_component id="oc-129">
         <name>.text</name>
         <load_address>0x35de9</load_address>
         <run_address>0x35de9</run_address>
         <size>0xbf</size>
         <input_file_ref idref="fl-55"/>
      </object_component>
      <object_component id="oc-142">
         <name>.text:CIO_breakpoint</name>
         <load_address>0x35ea8</load_address>
         <run_address>0x35ea8</run_address>
         <size>0xba</size>
         <input_file_ref idref="fl-5a"/>
      </object_component>
      <object_component id="oc-f8">
         <name>.text</name>
         <load_address>0x35f62</load_address>
         <run_address>0x35f62</run_address>
         <size>0xa6</size>
         <input_file_ref idref="fl-4a"/>
      </object_component>
      <object_component id="oc-f0">
         <name>.text</name>
         <load_address>0x36008</load_address>
         <run_address>0x36008</run_address>
         <size>0xa1</size>
         <input_file_ref idref="fl-48"/>
      </object_component>
      <object_component id="oc-1b">
         <name>.text</name>
         <load_address>0x360a9</load_address>
         <run_address>0x360a9</run_address>
         <size>0x88</size>
         <input_file_ref idref="fl-3"/>
      </object_component>
      <object_component id="oc-59">
         <name>.text</name>
         <load_address>0x36132</load_address>
         <run_address>0x36132</run_address>
         <size>0x87</size>
         <input_file_ref idref="fl-10"/>
      </object_component>
      <object_component id="oc-11d">
         <name>.text</name>
         <load_address>0x361b9</load_address>
         <run_address>0x361b9</run_address>
         <size>0x7d</size>
         <input_file_ref idref="fl-52"/>
      </object_component>
      <object_component id="oc-16a">
         <name>.text</name>
         <load_address>0x36236</load_address>
         <run_address>0x36236</run_address>
         <size>0x7b</size>
         <input_file_ref idref="fl-63"/>
      </object_component>
      <object_component id="oc-101">
         <name>.text</name>
         <load_address>0x362b1</load_address>
         <run_address>0x362b1</run_address>
         <size>0x76</size>
         <input_file_ref idref="fl-4c"/>
      </object_component>
      <object_component id="oc-3a">
         <name>.text</name>
         <load_address>0x36327</load_address>
         <run_address>0x36327</run_address>
         <size>0x75</size>
         <input_file_ref idref="fl-8"/>
      </object_component>
      <object_component id="oc-a0">
         <name>.text</name>
         <load_address>0x3639c</load_address>
         <run_address>0x3639c</run_address>
         <size>0x73</size>
         <input_file_ref idref="fl-36"/>
      </object_component>
      <object_component id="oc-136">
         <name>.text</name>
         <load_address>0x3640f</load_address>
         <run_address>0x3640f</run_address>
         <size>0x72</size>
         <input_file_ref idref="fl-58"/>
      </object_component>
      <object_component id="oc-8a">
         <name>.text</name>
         <load_address>0x36481</load_address>
         <run_address>0x36481</run_address>
         <size>0x6f</size>
         <input_file_ref idref="fl-31"/>
      </object_component>
      <object_component id="oc-13f">
         <name>.text</name>
         <load_address>0x364f0</load_address>
         <run_address>0x364f0</run_address>
         <size>0x6d</size>
         <input_file_ref idref="fl-5a"/>
      </object_component>
      <object_component id="oc-155">
         <name>.text</name>
         <load_address>0x3655d</load_address>
         <run_address>0x3655d</run_address>
         <size>0x6b</size>
         <input_file_ref idref="fl-5f"/>
      </object_component>
      <object_component id="oc-92">
         <name>.text</name>
         <load_address>0x365c8</load_address>
         <run_address>0x365c8</run_address>
         <size>0x67</size>
         <input_file_ref idref="fl-33"/>
      </object_component>
      <object_component id="oc-b7">
         <name>.text</name>
         <load_address>0x3662f</load_address>
         <run_address>0x3662f</run_address>
         <size>0x5f</size>
         <input_file_ref idref="fl-3b"/>
      </object_component>
      <object_component id="oc-de">
         <name>.text</name>
         <load_address>0x3668e</load_address>
         <run_address>0x3668e</run_address>
         <size>0x5c</size>
         <input_file_ref idref="fl-43"/>
      </object_component>
      <object_component id="oc-9b">
         <name>.text</name>
         <load_address>0x366ea</load_address>
         <run_address>0x366ea</run_address>
         <size>0x5b</size>
         <input_file_ref idref="fl-35"/>
      </object_component>
      <object_component id="oc-6e">
         <name>.text</name>
         <load_address>0x36745</load_address>
         <run_address>0x36745</run_address>
         <size>0x54</size>
         <input_file_ref idref="fl-18"/>
      </object_component>
      <object_component id="oc-b3">
         <name>.text</name>
         <load_address>0x36799</load_address>
         <run_address>0x36799</run_address>
         <size>0x50</size>
         <input_file_ref idref="fl-3a"/>
      </object_component>
      <object_component id="oc-e2">
         <name>.text</name>
         <load_address>0x367e9</load_address>
         <run_address>0x367e9</run_address>
         <size>0x4d</size>
         <input_file_ref idref="fl-44"/>
      </object_component>
      <object_component id="oc-da">
         <name>.text</name>
         <load_address>0x36836</load_address>
         <run_address>0x36836</run_address>
         <size>0x4b</size>
         <input_file_ref idref="fl-42"/>
      </object_component>
      <object_component id="oc-132">
         <name>.text</name>
         <load_address>0x36881</load_address>
         <run_address>0x36881</run_address>
         <size>0x4b</size>
         <input_file_ref idref="fl-57"/>
      </object_component>
      <object_component id="oc-14d">
         <name>.text</name>
         <load_address>0x368cc</load_address>
         <run_address>0x368cc</run_address>
         <size>0x48</size>
         <input_file_ref idref="fl-5d"/>
      </object_component>
      <object_component id="oc-c9">
         <name>.text</name>
         <load_address>0x36914</load_address>
         <run_address>0x36914</run_address>
         <size>0x41</size>
         <input_file_ref idref="fl-3f"/>
      </object_component>
      <object_component id="oc-125">
         <name>.text</name>
         <load_address>0x36955</load_address>
         <run_address>0x36955</run_address>
         <size>0x3f</size>
         <input_file_ref idref="fl-54"/>
      </object_component>
      <object_component id="oc-7f">
         <name>.text</name>
         <load_address>0x36994</load_address>
         <run_address>0x36994</run_address>
         <size>0x3e</size>
         <input_file_ref idref="fl-2f"/>
      </object_component>
      <object_component id="oc-11">
         <name>.text</name>
         <load_address>0x369d2</load_address>
         <run_address>0x369d2</run_address>
         <size>0x34</size>
         <input_file_ref idref="fl-2d"/>
      </object_component>
      <object_component id="oc-20">
         <name>.text</name>
         <load_address>0x36a06</load_address>
         <run_address>0x36a06</run_address>
         <size>0x32</size>
         <input_file_ref idref="fl-4"/>
      </object_component>
      <object_component id="oc-86">
         <name>.text</name>
         <load_address>0x36a38</load_address>
         <run_address>0x36a38</run_address>
         <size>0x2a</size>
         <input_file_ref idref="fl-30"/>
      </object_component>
      <object_component id="oc-145">
         <name>.text</name>
         <load_address>0x36a62</load_address>
         <run_address>0x36a62</run_address>
         <size>0x2a</size>
         <input_file_ref idref="fl-5b"/>
      </object_component>
      <object_component id="oc-121">
         <name>.text</name>
         <load_address>0x36a8c</load_address>
         <run_address>0x36a8c</run_address>
         <size>0x23</size>
         <input_file_ref idref="fl-53"/>
      </object_component>
      <object_component id="oc-10a">
         <name>.text</name>
         <load_address>0x36aaf</load_address>
         <run_address>0x36aaf</run_address>
         <size>0x1a</size>
         <input_file_ref idref="fl-4e"/>
      </object_component>
      <object_component id="oc-c5">
         <name>.text</name>
         <load_address>0x36ac9</load_address>
         <run_address>0x36ac9</run_address>
         <size>0x14</size>
         <input_file_ref idref="fl-3e"/>
      </object_component>
      <object_component id="oc-a4">
         <name>.text</name>
         <load_address>0x36add</load_address>
         <run_address>0x36add</run_address>
         <size>0x13</size>
         <input_file_ref idref="fl-37"/>
      </object_component>
      <object_component id="oc-ce">
         <name>.text</name>
         <load_address>0x36af0</load_address>
         <run_address>0x36af0</run_address>
         <size>0x12</size>
         <input_file_ref idref="fl-40"/>
      </object_component>
      <object_component id="oc-c1">
         <name>.text</name>
         <load_address>0x36b02</load_address>
         <run_address>0x36b02</run_address>
         <size>0x11</size>
         <input_file_ref idref="fl-3d"/>
      </object_component>
      <object_component id="oc-12e">
         <name>.text</name>
         <load_address>0x36b13</load_address>
         <run_address>0x36b13</run_address>
         <size>0x10</size>
         <input_file_ref idref="fl-56"/>
      </object_component>
      <object_component id="oc-97">
         <name>.text</name>
         <load_address>0x36b23</load_address>
         <run_address>0x36b23</run_address>
         <size>0xe</size>
         <input_file_ref idref="fl-34"/>
      </object_component>
      <object_component id="oc-8e">
         <name>.text</name>
         <load_address>0x36b31</load_address>
         <run_address>0x36b31</run_address>
         <size>0xc</size>
         <input_file_ref idref="fl-32"/>
      </object_component>
      <object_component id="oc-16e">
         <name>.text</name>
         <load_address>0x36b3d</load_address>
         <run_address>0x36b3d</run_address>
         <size>0xa</size>
         <input_file_ref idref="fl-64"/>
      </object_component>
      <object_component id="oc-83">
         <name>.text:CIO_breakpoint</name>
         <load_address>0x36b47</load_address>
         <run_address>0x36b47</run_address>
         <size>0x7</size>
         <input_file_ref idref="fl-2f"/>
      </object_component>
      <object_component id="oc-77">
         <name>.stack</name>
         <uninitialized>true</uninitialized>
         <run_address>0xc0</run_address>
         <size>0x0</size>
         <input_file_ref idref="fl-2d"/>
      </object_component>
      <object_component id="oc-18d">
         <name>.stack</name>
         <uninitialized>true</uninitialized>
         <run_address>0xc0</run_address>
         <size>0x0</size>
      </object_component>
      <object_component id="oc-172">
         <name>.sysstack</name>
         <uninitialized>true</uninitialized>
         <run_address>0x20c0</run_address>
         <size>0x0</size>
         <input_file_ref idref="fl-2d"/>
      </object_component>
      <object_component id="oc-18f">
         <name>.sysstack</name>
         <uninitialized>true</uninitialized>
         <run_address>0x20c0</run_address>
         <size>0x0</size>
      </object_component>
      <object_component id="oc-4f">
         <name>.bss</name>
         <uninitialized>true</uninitialized>
         <run_address>0x4000</run_address>
         <size>0x8000</size>
         <input_file_ref idref="fl-d"/>
      </object_component>
      <object_component id="oc-14">
         <name>.bss</name>
         <uninitialized>true</uninitialized>
         <run_address>0xc000</run_address>
         <size>0x20ba</size>
         <input_file_ref idref="fl-2"/>
      </object_component>
      <object_component id="oc-f4">
         <name>.bss</name>
         <uninitialized>true</uninitialized>
         <run_address>0xe0ba</run_address>
         <size>0x2</size>
         <input_file_ref idref="fl-49"/>
      </object_component>
      <object_component id="oc-ec">
         <name>.bss</name>
         <uninitialized>true</uninitialized>
         <run_address>0xe0bc</run_address>
         <size>0x232</size>
         <input_file_ref idref="fl-47"/>
      </object_component>
      <object_component id="oc-15e">
         <name>.bss</name>
         <uninitialized>true</uninitialized>
         <run_address>0xe2ee</run_address>
         <size>0x2</size>
         <input_file_ref idref="fl-61"/>
      </object_component>
      <object_component id="oc-33">
         <name>.bss</name>
         <uninitialized>true</uninitialized>
         <run_address>0xe2f0</run_address>
         <size>0x20c</size>
         <input_file_ref idref="fl-7"/>
      </object_component>
      <object_component id="oc-13b">
         <name>.bss</name>
         <uninitialized>true</uninitialized>
         <run_address>0xe4fc</run_address>
         <size>0x1a0</size>
         <input_file_ref idref="fl-59"/>
      </object_component>
      <object_component id="oc-118">
         <name>.bss</name>
         <uninitialized>true</uninitialized>
         <run_address>0xe69c</run_address>
         <size>0xe2</size>
         <input_file_ref idref="fl-51"/>
      </object_component>
      <object_component id="oc-63">
         <name>.bss</name>
         <uninitialized>true</uninitialized>
         <run_address>0xe77e</run_address>
         <size>0x2</size>
         <input_file_ref idref="fl-16"/>
      </object_component>
      <object_component id="oc-2b">
         <name>.bss</name>
         <uninitialized>true</uninitialized>
         <run_address>0xe780</run_address>
         <size>0xa4</size>
         <input_file_ref idref="fl-6"/>
      </object_component>
      <object_component id="oc-ad">
         <name>.bss</name>
         <uninitialized>true</uninitialized>
         <run_address>0xe824</run_address>
         <size>0x74</size>
         <input_file_ref idref="fl-39"/>
      </object_component>
      <object_component id="oc-164">
         <name>.bss</name>
         <uninitialized>true</uninitialized>
         <run_address>0xe898</run_address>
         <size>0xc</size>
         <input_file_ref idref="fl-62"/>
      </object_component>
      <object_component id="oc-cf">
         <name>.bss</name>
         <uninitialized>true</uninitialized>
         <run_address>0xe8a4</run_address>
         <size>0x8</size>
         <input_file_ref idref="fl-40"/>
      </object_component>
      <object_component id="oc-80">
         <name>.bss</name>
         <uninitialized>true</uninitialized>
         <run_address>0xe8ac</run_address>
         <size>0x8</size>
         <input_file_ref idref="fl-2f"/>
      </object_component>
      <object_component id="oc-174">
         <name>.const:__ctypes_</name>
         <load_address>0x30c0</load_address>
         <run_address>0x30c0</run_address>
         <size>0x202</size>
         <input_file_ref idref="fl-46"/>
      </object_component>
      <object_component id="oc-d7">
         <name>.const:.string</name>
         <load_address>0x32c4</load_address>
         <run_address>0x32c4</run_address>
         <size>0x48</size>
         <input_file_ref idref="fl-41"/>
      </object_component>
      <object_component id="oc-b0">
         <name>.const</name>
         <load_address>0x330c</load_address>
         <run_address>0x330c</run_address>
         <size>0x38</size>
         <input_file_ref idref="fl-39"/>
      </object_component>
      <object_component id="oc-2e">
         <name>.const</name>
         <load_address>0x3344</load_address>
         <run_address>0x3344</run_address>
         <size>0x2c</size>
         <input_file_ref idref="fl-6"/>
      </object_component>
      <object_component id="oc-36">
         <name>.const:.string</name>
         <load_address>0x3370</load_address>
         <run_address>0x3370</run_address>
         <size>0x20</size>
         <input_file_ref idref="fl-7"/>
      </object_component>
      <object_component id="oc-d6">
         <name>.const</name>
         <load_address>0x3390</load_address>
         <run_address>0x3390</run_address>
         <size>0x18</size>
         <input_file_ref idref="fl-41"/>
      </object_component>
      <object_component id="oc-110">
         <name>.const</name>
         <load_address>0x33a8</load_address>
         <run_address>0x33a8</run_address>
         <size>0x14</size>
         <input_file_ref idref="fl-4f"/>
      </object_component>
      <object_component id="oc-be">
         <name>.const</name>
         <load_address>0x33bc</load_address>
         <run_address>0x33bc</run_address>
         <size>0x14</size>
         <input_file_ref idref="fl-3c"/>
      </object_component>
      <object_component id="oc-173">
         <name>.const:_initial_approx$1</name>
         <load_address>0x33d0</load_address>
         <run_address>0x33d0</run_address>
         <size>0x10</size>
         <input_file_ref idref="fl-2e"/>
      </object_component>
      <object_component id="oc-107">
         <name>.const</name>
         <load_address>0x33e0</load_address>
         <run_address>0x33e0</run_address>
         <size>0x10</size>
         <input_file_ref idref="fl-4d"/>
      </object_component>
      <object_component id="oc-b9">
         <name>.const</name>
         <load_address>0x33f0</load_address>
         <run_address>0x33f0</run_address>
         <size>0x10</size>
         <input_file_ref idref="fl-3b"/>
      </object_component>
      <object_component id="oc-12b">
         <name>.const</name>
         <load_address>0x3400</load_address>
         <run_address>0x3400</run_address>
         <size>0xc</size>
         <input_file_ref idref="fl-55"/>
      </object_component>
      <object_component id="oc-cb">
         <name>.const</name>
         <load_address>0x340c</load_address>
         <run_address>0x340c</run_address>
         <size>0x8</size>
         <input_file_ref idref="fl-3f"/>
      </object_component>
      <object_component id="oc-fe">
         <name>.const:.string</name>
         <load_address>0x3414</load_address>
         <run_address>0x3414</run_address>
         <size>0x4</size>
         <input_file_ref idref="fl-4b"/>
      </object_component>
      <object_component id="oc-52">
         <name>.const</name>
         <load_address>0x3418</load_address>
         <run_address>0x3418</run_address>
         <size>0x4</size>
         <input_file_ref idref="fl-d"/>
      </object_component>
      <object_component id="oc-94">
         <name>.const</name>
         <load_address>0x341c</load_address>
         <run_address>0x341c</run_address>
         <size>0x4</size>
         <input_file_ref idref="fl-33"/>
      </object_component>
      <object_component id="oc-9d">
         <name>.const</name>
         <load_address>0x3420</load_address>
         <run_address>0x3420</run_address>
         <size>0x4</size>
         <input_file_ref idref="fl-35"/>
      </object_component>
      <object_component id="oc-167">
         <name>.sysmem</name>
         <uninitialized>true</uninitialized>
         <run_address>0x10000</run_address>
         <size>0x0</size>
         <input_file_ref idref="fl-62"/>
      </object_component>
      <object_component id="oc-18e">
         <name>.sysmem</name>
         <uninitialized>true</uninitialized>
         <run_address>0x10000</run_address>
         <size>0x0</size>
      </object_component>
      <object_component id="oc-51">
         <name>.cinit</name>
         <load_address>0x40000</load_address>
         <run_address>0x40000</run_address>
         <size>0x806</size>
         <input_file_ref idref="fl-d"/>
      </object_component>
      <object_component id="oc-16">
         <name>.cinit</name>
         <load_address>0x40806</load_address>
         <run_address>0x40806</run_address>
         <size>0xe6</size>
         <input_file_ref idref="fl-2"/>
      </object_component>
      <object_component id="oc-af">
         <name>.cinit</name>
         <load_address>0x408ec</load_address>
         <run_address>0x408ec</run_address>
         <size>0x8c</size>
         <input_file_ref idref="fl-39"/>
      </object_component>
      <object_component id="oc-11a">
         <name>.cinit</name>
         <load_address>0x40978</load_address>
         <run_address>0x40978</run_address>
         <size>0x5a</size>
         <input_file_ref idref="fl-51"/>
      </object_component>
      <object_component id="oc-ee">
         <name>.cinit</name>
         <load_address>0x409d2</load_address>
         <run_address>0x409d2</run_address>
         <size>0x54</size>
         <input_file_ref idref="fl-47"/>
      </object_component>
      <object_component id="oc-d1">
         <name>.cinit</name>
         <load_address>0x40a26</load_address>
         <run_address>0x40a26</run_address>
         <size>0x14</size>
         <input_file_ref idref="fl-40"/>
      </object_component>
      <object_component id="oc-82">
         <name>.cinit</name>
         <load_address>0x40a3a</load_address>
         <run_address>0x40a3a</run_address>
         <size>0x14</size>
         <input_file_ref idref="fl-2f"/>
      </object_component>
      <object_component id="oc-35">
         <name>.cinit</name>
         <load_address>0x40a4e</load_address>
         <run_address>0x40a4e</run_address>
         <size>0x12</size>
         <input_file_ref idref="fl-7"/>
      </object_component>
      <object_component id="oc-2d">
         <name>.cinit</name>
         <load_address>0x40a60</load_address>
         <run_address>0x40a60</run_address>
         <size>0x8</size>
         <input_file_ref idref="fl-6"/>
      </object_component>
      <object_component id="oc-f6">
         <name>.cinit</name>
         <load_address>0x40a68</load_address>
         <run_address>0x40a68</run_address>
         <size>0x8</size>
         <input_file_ref idref="fl-49"/>
      </object_component>
      <object_component id="oc-160">
         <name>.cinit</name>
         <load_address>0x40a70</load_address>
         <run_address>0x40a70</run_address>
         <size>0x8</size>
         <input_file_ref idref="fl-61"/>
      </object_component>
      <object_component id="oc-166">
         <name>.cinit</name>
         <load_address>0x40a78</load_address>
         <run_address>0x40a78</run_address>
         <size>0x8</size>
         <input_file_ref idref="fl-62"/>
      </object_component>
      <object_component id="oc-65">
         <name>.cinit</name>
         <load_address>0x40a80</load_address>
         <run_address>0x40a80</run_address>
         <size>0x8</size>
         <input_file_ref idref="fl-16"/>
      </object_component>
      <object_component id="oc-141">
         <name>.cio</name>
         <uninitialized>true</uninitialized>
         <run_address>0x40a90</run_address>
         <size>0x240</size>
         <input_file_ref idref="fl-5a"/>
      </object_component>
      <object_component id="oc-12">
         <name>vectors</name>
         <load_address>0x4de00</load_address>
         <run_address>0x4de00</run_address>
         <size>0x100</size>
         <input_file_ref idref="fl-10"/>
      </object_component>
      <object_component id="oc-15">
         <name>.debug_info</name>
         <load_address>0x0</load_address>
         <run_address>0x0</run_address>
         <size>0x14bf</size>
         <input_file_ref idref="fl-2"/>
      </object_component>
      <object_component id="oc-1c">
         <name>.debug_info</name>
         <load_address>0x14bf</load_address>
         <run_address>0x14bf</run_address>
         <size>0x838</size>
         <input_file_ref idref="fl-3"/>
      </object_component>
      <object_component id="oc-21">
         <name>.debug_info</name>
         <load_address>0x1cf7</load_address>
         <run_address>0x1cf7</run_address>
         <size>0x6e4</size>
         <input_file_ref idref="fl-4"/>
      </object_component>
      <object_component id="oc-26">
         <name>.debug_info</name>
         <load_address>0x23db</load_address>
         <run_address>0x23db</run_address>
         <size>0x6c2</size>
         <input_file_ref idref="fl-5"/>
      </object_component>
      <object_component id="oc-2c">
         <name>.debug_info</name>
         <load_address>0x2a9d</load_address>
         <run_address>0x2a9d</run_address>
         <size>0x2090</size>
         <input_file_ref idref="fl-6"/>
      </object_component>
      <object_component id="oc-34">
         <name>.debug_info</name>
         <load_address>0x4b2d</load_address>
         <run_address>0x4b2d</run_address>
         <size>0xf92</size>
         <input_file_ref idref="fl-7"/>
      </object_component>
      <object_component id="oc-3b">
         <name>.debug_info</name>
         <load_address>0x5abf</load_address>
         <run_address>0x5abf</run_address>
         <size>0xd2</size>
         <input_file_ref idref="fl-8"/>
      </object_component>
      <object_component id="oc-3f">
         <name>.debug_info</name>
         <load_address>0x5b91</load_address>
         <run_address>0x5b91</run_address>
         <size>0xe1</size>
         <input_file_ref idref="fl-9"/>
      </object_component>
      <object_component id="oc-43">
         <name>.debug_info</name>
         <load_address>0x5c72</load_address>
         <run_address>0x5c72</run_address>
         <size>0xdd</size>
         <input_file_ref idref="fl-a"/>
      </object_component>
      <object_component id="oc-47">
         <name>.debug_info</name>
         <load_address>0x5d4f</load_address>
         <run_address>0x5d4f</run_address>
         <size>0xe3</size>
         <input_file_ref idref="fl-b"/>
      </object_component>
      <object_component id="oc-4b">
         <name>.debug_info</name>
         <load_address>0x5e32</load_address>
         <run_address>0x5e32</run_address>
         <size>0xdf</size>
         <input_file_ref idref="fl-c"/>
      </object_component>
      <object_component id="oc-50">
         <name>.debug_info</name>
         <load_address>0x5f11</load_address>
         <run_address>0x5f11</run_address>
         <size>0xb78</size>
         <input_file_ref idref="fl-d"/>
      </object_component>
      <object_component id="oc-56">
         <name>.debug_info</name>
         <load_address>0x6a89</load_address>
         <run_address>0x6a89</run_address>
         <size>0x47a</size>
         <input_file_ref idref="fl-e"/>
      </object_component>
      <object_component id="oc-5a">
         <name>.debug_info</name>
         <load_address>0x6f03</load_address>
         <run_address>0x6f03</run_address>
         <size>0xf9</size>
         <input_file_ref idref="fl-10"/>
      </object_component>
      <object_component id="oc-5e">
         <name>.debug_info</name>
         <load_address>0x6ffc</load_address>
         <run_address>0x6ffc</run_address>
         <size>0xef2</size>
         <input_file_ref idref="fl-15"/>
      </object_component>
      <object_component id="oc-64">
         <name>.debug_info</name>
         <load_address>0x7eee</load_address>
         <run_address>0x7eee</run_address>
         <size>0xbd8</size>
         <input_file_ref idref="fl-16"/>
      </object_component>
      <object_component id="oc-6a">
         <name>.debug_info</name>
         <load_address>0x8ac6</load_address>
         <run_address>0x8ac6</run_address>
         <size>0x836</size>
         <input_file_ref idref="fl-17"/>
      </object_component>
      <object_component id="oc-6f">
         <name>.debug_info</name>
         <load_address>0x92fc</load_address>
         <run_address>0x92fc</run_address>
         <size>0x69c</size>
         <input_file_ref idref="fl-18"/>
      </object_component>
      <object_component id="oc-74">
         <name>.debug_info</name>
         <load_address>0x9998</load_address>
         <run_address>0x9998</run_address>
         <size>0x5ab</size>
         <input_file_ref idref="fl-2c"/>
      </object_component>
      <object_component id="oc-78">
         <name>.debug_info</name>
         <load_address>0x9f43</load_address>
         <run_address>0x9f43</run_address>
         <size>0xe8</size>
         <input_file_ref idref="fl-2d"/>
      </object_component>
      <object_component id="oc-7c">
         <name>.debug_info</name>
         <load_address>0xa02b</load_address>
         <run_address>0xa02b</run_address>
         <size>0x7e8</size>
         <input_file_ref idref="fl-2e"/>
      </object_component>
      <object_component id="oc-81">
         <name>.debug_info</name>
         <load_address>0xa813</load_address>
         <run_address>0xa813</run_address>
         <size>0x5fb</size>
         <input_file_ref idref="fl-2f"/>
      </object_component>
      <object_component id="oc-87">
         <name>.debug_info</name>
         <load_address>0xae0e</load_address>
         <run_address>0xae0e</run_address>
         <size>0x4cf</size>
         <input_file_ref idref="fl-30"/>
      </object_component>
      <object_component id="oc-8b">
         <name>.debug_info</name>
         <load_address>0xb2dd</load_address>
         <run_address>0xb2dd</run_address>
         <size>0x534</size>
         <input_file_ref idref="fl-31"/>
      </object_component>
      <object_component id="oc-8f">
         <name>.debug_info</name>
         <load_address>0xb811</load_address>
         <run_address>0xb811</run_address>
         <size>0x4cf</size>
         <input_file_ref idref="fl-32"/>
      </object_component>
      <object_component id="oc-93">
         <name>.debug_info</name>
         <load_address>0xbce0</load_address>
         <run_address>0xbce0</run_address>
         <size>0x549</size>
         <input_file_ref idref="fl-33"/>
      </object_component>
      <object_component id="oc-98">
         <name>.debug_info</name>
         <load_address>0xc229</load_address>
         <run_address>0xc229</run_address>
         <size>0x4cf</size>
         <input_file_ref idref="fl-34"/>
      </object_component>
      <object_component id="oc-9c">
         <name>.debug_info</name>
         <load_address>0xc6f8</load_address>
         <run_address>0xc6f8</run_address>
         <size>0x549</size>
         <input_file_ref idref="fl-35"/>
      </object_component>
      <object_component id="oc-a1">
         <name>.debug_info</name>
         <load_address>0xcc41</load_address>
         <run_address>0xcc41</run_address>
         <size>0x53e</size>
         <input_file_ref idref="fl-36"/>
      </object_component>
      <object_component id="oc-a5">
         <name>.debug_info</name>
         <load_address>0xd17f</load_address>
         <run_address>0xd17f</run_address>
         <size>0xbd</size>
         <input_file_ref idref="fl-37"/>
      </object_component>
      <object_component id="oc-a9">
         <name>.debug_info</name>
         <load_address>0xd23c</load_address>
         <run_address>0xd23c</run_address>
         <size>0x55b</size>
         <input_file_ref idref="fl-38"/>
      </object_component>
      <object_component id="oc-ae">
         <name>.debug_info</name>
         <load_address>0xd797</load_address>
         <run_address>0xd797</run_address>
         <size>0xaed</size>
         <input_file_ref idref="fl-39"/>
      </object_component>
      <object_component id="oc-b4">
         <name>.debug_info</name>
         <load_address>0xe284</load_address>
         <run_address>0xe284</run_address>
         <size>0x76c</size>
         <input_file_ref idref="fl-3a"/>
      </object_component>
      <object_component id="oc-b8">
         <name>.debug_info</name>
         <load_address>0xe9f0</load_address>
         <run_address>0xe9f0</run_address>
         <size>0x52e</size>
         <input_file_ref idref="fl-3b"/>
      </object_component>
      <object_component id="oc-bd">
         <name>.debug_info</name>
         <load_address>0xef1e</load_address>
         <run_address>0xef1e</run_address>
         <size>0x7fc</size>
         <input_file_ref idref="fl-3c"/>
      </object_component>
      <object_component id="oc-c2">
         <name>.debug_info</name>
         <load_address>0xf71a</load_address>
         <run_address>0xf71a</run_address>
         <size>0x589</size>
         <input_file_ref idref="fl-3d"/>
      </object_component>
      <object_component id="oc-c6">
         <name>.debug_info</name>
         <load_address>0xfca3</load_address>
         <run_address>0xfca3</run_address>
         <size>0x4de</size>
         <input_file_ref idref="fl-3e"/>
      </object_component>
      <object_component id="oc-ca">
         <name>.debug_info</name>
         <load_address>0x10181</load_address>
         <run_address>0x10181</run_address>
         <size>0x521</size>
         <input_file_ref idref="fl-3f"/>
      </object_component>
      <object_component id="oc-d0">
         <name>.debug_info</name>
         <load_address>0x106a2</load_address>
         <run_address>0x106a2</run_address>
         <size>0x5bc</size>
         <input_file_ref idref="fl-40"/>
      </object_component>
      <object_component id="oc-d5">
         <name>.debug_info</name>
         <load_address>0x10c5e</load_address>
         <run_address>0x10c5e</run_address>
         <size>0x27bd</size>
         <input_file_ref idref="fl-41"/>
      </object_component>
      <object_component id="oc-db">
         <name>.debug_info</name>
         <load_address>0x1341b</load_address>
         <run_address>0x1341b</run_address>
         <size>0x586</size>
         <input_file_ref idref="fl-42"/>
      </object_component>
      <object_component id="oc-df">
         <name>.debug_info</name>
         <load_address>0x139a1</load_address>
         <run_address>0x139a1</run_address>
         <size>0x5a4</size>
         <input_file_ref idref="fl-43"/>
      </object_component>
      <object_component id="oc-e3">
         <name>.debug_info</name>
         <load_address>0x13f45</load_address>
         <run_address>0x13f45</run_address>
         <size>0xcd</size>
         <input_file_ref idref="fl-44"/>
      </object_component>
      <object_component id="oc-e7">
         <name>.debug_info</name>
         <load_address>0x14012</load_address>
         <run_address>0x14012</run_address>
         <size>0x81f</size>
         <input_file_ref idref="fl-45"/>
      </object_component>
      <object_component id="oc-ea">
         <name>.debug_info</name>
         <load_address>0x14831</load_address>
         <run_address>0x14831</run_address>
         <size>0x498</size>
         <input_file_ref idref="fl-46"/>
      </object_component>
      <object_component id="oc-ed">
         <name>.debug_info</name>
         <load_address>0x14cc9</load_address>
         <run_address>0x14cc9</run_address>
         <size>0x57e</size>
         <input_file_ref idref="fl-47"/>
      </object_component>
      <object_component id="oc-f1">
         <name>.debug_info</name>
         <load_address>0x15247</load_address>
         <run_address>0x15247</run_address>
         <size>0x534</size>
         <input_file_ref idref="fl-48"/>
      </object_component>
      <object_component id="oc-f5">
         <name>.debug_info</name>
         <load_address>0x1577b</load_address>
         <run_address>0x1577b</run_address>
         <size>0x47b</size>
         <input_file_ref idref="fl-49"/>
      </object_component>
      <object_component id="oc-f9">
         <name>.debug_info</name>
         <load_address>0x15bf6</load_address>
         <run_address>0x15bf6</run_address>
         <size>0x6aa</size>
         <input_file_ref idref="fl-4a"/>
      </object_component>
      <object_component id="oc-fd">
         <name>.debug_info</name>
         <load_address>0x162a0</load_address>
         <run_address>0x162a0</run_address>
         <size>0x942</size>
         <input_file_ref idref="fl-4b"/>
      </object_component>
      <object_component id="oc-102">
         <name>.debug_info</name>
         <load_address>0x16be2</load_address>
         <run_address>0x16be2</run_address>
         <size>0x4d2</size>
         <input_file_ref idref="fl-4c"/>
      </object_component>
      <object_component id="oc-106">
         <name>.debug_info</name>
         <load_address>0x170b4</load_address>
         <run_address>0x170b4</run_address>
         <size>0x518</size>
         <input_file_ref idref="fl-4d"/>
      </object_component>
      <object_component id="oc-10b">
         <name>.debug_info</name>
         <load_address>0x175cc</load_address>
         <run_address>0x175cc</run_address>
         <size>0x680</size>
         <input_file_ref idref="fl-4e"/>
      </object_component>
      <object_component id="oc-10f">
         <name>.debug_info</name>
         <load_address>0x17c4c</load_address>
         <run_address>0x17c4c</run_address>
         <size>0x50e</size>
         <input_file_ref idref="fl-4f"/>
      </object_component>
      <object_component id="oc-114">
         <name>.debug_info</name>
         <load_address>0x1815a</load_address>
         <run_address>0x1815a</run_address>
         <size>0x7d4</size>
         <input_file_ref idref="fl-50"/>
      </object_component>
      <object_component id="oc-119">
         <name>.debug_info</name>
         <load_address>0x1892e</load_address>
         <run_address>0x1892e</run_address>
         <size>0x144b</size>
         <input_file_ref idref="fl-51"/>
      </object_component>
      <object_component id="oc-11e">
         <name>.debug_info</name>
         <load_address>0x19d79</load_address>
         <run_address>0x19d79</run_address>
         <size>0x5ad</size>
         <input_file_ref idref="fl-52"/>
      </object_component>
      <object_component id="oc-122">
         <name>.debug_info</name>
         <load_address>0x1a326</load_address>
         <run_address>0x1a326</run_address>
         <size>0x574</size>
         <input_file_ref idref="fl-53"/>
      </object_component>
      <object_component id="oc-126">
         <name>.debug_info</name>
         <load_address>0x1a89a</load_address>
         <run_address>0x1a89a</run_address>
         <size>0xd1</size>
         <input_file_ref idref="fl-54"/>
      </object_component>
      <object_component id="oc-12a">
         <name>.debug_info</name>
         <load_address>0x1a96b</load_address>
         <run_address>0x1a96b</run_address>
         <size>0x50c</size>
         <input_file_ref idref="fl-55"/>
      </object_component>
      <object_component id="oc-12f">
         <name>.debug_info</name>
         <load_address>0x1ae77</load_address>
         <run_address>0x1ae77</run_address>
         <size>0x4b7</size>
         <input_file_ref idref="fl-56"/>
      </object_component>
      <object_component id="oc-133">
         <name>.debug_info</name>
         <load_address>0x1b32e</load_address>
         <run_address>0x1b32e</run_address>
         <size>0x4f2</size>
         <input_file_ref idref="fl-57"/>
      </object_component>
      <object_component id="oc-137">
         <name>.debug_info</name>
         <load_address>0x1b820</load_address>
         <run_address>0x1b820</run_address>
         <size>0x534</size>
         <input_file_ref idref="fl-58"/>
      </object_component>
      <object_component id="oc-13c">
         <name>.debug_info</name>
         <load_address>0x1bd54</load_address>
         <run_address>0x1bd54</run_address>
         <size>0xed4</size>
         <input_file_ref idref="fl-59"/>
      </object_component>
      <object_component id="oc-140">
         <name>.debug_info</name>
         <load_address>0x1cc28</load_address>
         <run_address>0x1cc28</run_address>
         <size>0x744</size>
         <input_file_ref idref="fl-5a"/>
      </object_component>
      <object_component id="oc-146">
         <name>.debug_info</name>
         <load_address>0x1d36c</load_address>
         <run_address>0x1d36c</run_address>
         <size>0xef</size>
         <input_file_ref idref="fl-5b"/>
      </object_component>
      <object_component id="oc-14a">
         <name>.debug_info</name>
         <load_address>0x1d45b</load_address>
         <run_address>0x1d45b</run_address>
         <size>0x662</size>
         <input_file_ref idref="fl-5c"/>
      </object_component>
      <object_component id="oc-14e">
         <name>.debug_info</name>
         <load_address>0x1dabd</load_address>
         <run_address>0x1dabd</run_address>
         <size>0x4f2</size>
         <input_file_ref idref="fl-5d"/>
      </object_component>
      <object_component id="oc-152">
         <name>.debug_info</name>
         <load_address>0x1dfaf</load_address>
         <run_address>0x1dfaf</run_address>
         <size>0x706</size>
         <input_file_ref idref="fl-5e"/>
      </object_component>
      <object_component id="oc-156">
         <name>.debug_info</name>
         <load_address>0x1e6b5</load_address>
         <run_address>0x1e6b5</run_address>
         <size>0x5f7</size>
         <input_file_ref idref="fl-5f"/>
      </object_component>
      <object_component id="oc-15a">
         <name>.debug_info</name>
         <load_address>0x1ecac</load_address>
         <run_address>0x1ecac</run_address>
         <size>0x64a</size>
         <input_file_ref idref="fl-60"/>
      </object_component>
      <object_component id="oc-15f">
         <name>.debug_info</name>
         <load_address>0x1f2f6</load_address>
         <run_address>0x1f2f6</run_address>
         <size>0xa1c</size>
         <input_file_ref idref="fl-61"/>
      </object_component>
      <object_component id="oc-165">
         <name>.debug_info</name>
         <load_address>0x1fd12</load_address>
         <run_address>0x1fd12</run_address>
         <size>0xb97</size>
         <input_file_ref idref="fl-62"/>
      </object_component>
      <object_component id="oc-16b">
         <name>.debug_info</name>
         <load_address>0x208a9</load_address>
         <run_address>0x208a9</run_address>
         <size>0x64f</size>
         <input_file_ref idref="fl-63"/>
      </object_component>
      <object_component id="oc-16f">
         <name>.debug_info</name>
         <load_address>0x20ef8</load_address>
         <run_address>0x20ef8</run_address>
         <size>0x510</size>
         <input_file_ref idref="fl-64"/>
      </object_component>
      <object_component id="oc-196">
         <name>.debug_info</name>
         <load_address>0x21408</load_address>
         <run_address>0x21408</run_address>
         <size>0x6e</size>
      </object_component>
      <object_component id="oc-18">
         <name>.debug_frame</name>
         <load_address>0x0</load_address>
         <run_address>0x0</run_address>
         <size>0x283</size>
         <input_file_ref idref="fl-2"/>
      </object_component>
      <object_component id="oc-1d">
         <name>.debug_frame</name>
         <load_address>0x283</load_address>
         <run_address>0x283</run_address>
         <size>0x16a</size>
         <input_file_ref idref="fl-3"/>
      </object_component>
      <object_component id="oc-22">
         <name>.debug_frame</name>
         <load_address>0x3ed</load_address>
         <run_address>0x3ed</run_address>
         <size>0xe4</size>
         <input_file_ref idref="fl-4"/>
      </object_component>
      <object_component id="oc-27">
         <name>.debug_frame</name>
         <load_address>0x4d1</load_address>
         <run_address>0x4d1</run_address>
         <size>0xfb</size>
         <input_file_ref idref="fl-5"/>
      </object_component>
      <object_component id="oc-2f">
         <name>.debug_frame</name>
         <load_address>0x5cc</load_address>
         <run_address>0x5cc</run_address>
         <size>0x335</size>
         <input_file_ref idref="fl-6"/>
      </object_component>
      <object_component id="oc-37">
         <name>.debug_frame</name>
         <load_address>0x901</load_address>
         <run_address>0x901</run_address>
         <size>0x1bc</size>
         <input_file_ref idref="fl-7"/>
      </object_component>
      <object_component id="oc-53">
         <name>.debug_frame</name>
         <load_address>0xabd</load_address>
         <run_address>0xabd</run_address>
         <size>0xec</size>
         <input_file_ref idref="fl-d"/>
      </object_component>
      <object_component id="oc-5f">
         <name>.debug_frame</name>
         <load_address>0xba9</load_address>
         <run_address>0xba9</run_address>
         <size>0x1d9</size>
         <input_file_ref idref="fl-15"/>
      </object_component>
      <object_component id="oc-66">
         <name>.debug_frame</name>
         <load_address>0xd82</load_address>
         <run_address>0xd82</run_address>
         <size>0x14a</size>
         <input_file_ref idref="fl-16"/>
      </object_component>
      <object_component id="oc-6b">
         <name>.debug_frame</name>
         <load_address>0xecc</load_address>
         <run_address>0xecc</run_address>
         <size>0x135</size>
         <input_file_ref idref="fl-17"/>
      </object_component>
      <object_component id="oc-70">
         <name>.debug_frame</name>
         <load_address>0x1001</load_address>
         <run_address>0x1001</run_address>
         <size>0x116</size>
         <input_file_ref idref="fl-18"/>
      </object_component>
      <object_component id="oc-19">
         <name>.debug_line</name>
         <load_address>0x0</load_address>
         <run_address>0x0</run_address>
         <size>0x27d</size>
         <input_file_ref idref="fl-2"/>
      </object_component>
      <object_component id="oc-1e">
         <name>.debug_line</name>
         <load_address>0x27d</load_address>
         <run_address>0x27d</run_address>
         <size>0xc5</size>
         <input_file_ref idref="fl-3"/>
      </object_component>
      <object_component id="oc-23">
         <name>.debug_line</name>
         <load_address>0x342</load_address>
         <run_address>0x342</run_address>
         <size>0x53</size>
         <input_file_ref idref="fl-4"/>
      </object_component>
      <object_component id="oc-28">
         <name>.debug_line</name>
         <load_address>0x395</load_address>
         <run_address>0x395</run_address>
         <size>0xb3</size>
         <input_file_ref idref="fl-5"/>
      </object_component>
      <object_component id="oc-30">
         <name>.debug_line</name>
         <load_address>0x448</load_address>
         <run_address>0x448</run_address>
         <size>0x2ea</size>
         <input_file_ref idref="fl-6"/>
      </object_component>
      <object_component id="oc-38">
         <name>.debug_line</name>
         <load_address>0x732</load_address>
         <run_address>0x732</run_address>
         <size>0x1ca</size>
         <input_file_ref idref="fl-7"/>
      </object_component>
      <object_component id="oc-3c">
         <name>.debug_line</name>
         <load_address>0x8fc</load_address>
         <run_address>0x8fc</run_address>
         <size>0x62</size>
         <input_file_ref idref="fl-8"/>
      </object_component>
      <object_component id="oc-40">
         <name>.debug_line</name>
         <load_address>0x95e</load_address>
         <run_address>0x95e</run_address>
         <size>0xb7</size>
         <input_file_ref idref="fl-9"/>
      </object_component>
      <object_component id="oc-44">
         <name>.debug_line</name>
         <load_address>0xa15</load_address>
         <run_address>0xa15</run_address>
         <size>0xc5</size>
         <input_file_ref idref="fl-a"/>
      </object_component>
      <object_component id="oc-48">
         <name>.debug_line</name>
         <load_address>0xada</load_address>
         <run_address>0xada</run_address>
         <size>0xba</size>
         <input_file_ref idref="fl-b"/>
      </object_component>
      <object_component id="oc-4c">
         <name>.debug_line</name>
         <load_address>0xb94</load_address>
         <run_address>0xb94</run_address>
         <size>0xc0</size>
         <input_file_ref idref="fl-c"/>
      </object_component>
      <object_component id="oc-54">
         <name>.debug_line</name>
         <load_address>0xc54</load_address>
         <run_address>0xc54</run_address>
         <size>0xc2</size>
         <input_file_ref idref="fl-d"/>
      </object_component>
      <object_component id="oc-5b">
         <name>.debug_line</name>
         <load_address>0xd16</load_address>
         <run_address>0xd16</run_address>
         <size>0x6b</size>
         <input_file_ref idref="fl-10"/>
      </object_component>
      <object_component id="oc-60">
         <name>.debug_line</name>
         <load_address>0xd81</load_address>
         <run_address>0xd81</run_address>
         <size>0x1b0</size>
         <input_file_ref idref="fl-15"/>
      </object_component>
      <object_component id="oc-67">
         <name>.debug_line</name>
         <load_address>0xf31</load_address>
         <run_address>0xf31</run_address>
         <size>0x16c</size>
         <input_file_ref idref="fl-16"/>
      </object_component>
      <object_component id="oc-6c">
         <name>.debug_line</name>
         <load_address>0x109d</load_address>
         <run_address>0x109d</run_address>
         <size>0xdf</size>
         <input_file_ref idref="fl-17"/>
      </object_component>
      <object_component id="oc-71">
         <name>.debug_line</name>
         <load_address>0x117c</load_address>
         <run_address>0x117c</run_address>
         <size>0x84</size>
         <input_file_ref idref="fl-18"/>
      </object_component>
      <object_component id="oc-75">
         <name>.debug_line</name>
         <load_address>0x1200</load_address>
         <run_address>0x1200</run_address>
         <size>0x5c</size>
         <input_file_ref idref="fl-2c"/>
      </object_component>
      <object_component id="oc-79">
         <name>.debug_line</name>
         <load_address>0x125c</load_address>
         <run_address>0x125c</run_address>
         <size>0x54</size>
         <input_file_ref idref="fl-2d"/>
      </object_component>
      <object_component id="oc-7d">
         <name>.debug_line</name>
         <load_address>0x12b0</load_address>
         <run_address>0x12b0</run_address>
         <size>0x5b</size>
         <input_file_ref idref="fl-2e"/>
      </object_component>
      <object_component id="oc-84">
         <name>.debug_line</name>
         <load_address>0x130b</load_address>
         <run_address>0x130b</run_address>
         <size>0x51</size>
         <input_file_ref idref="fl-2f"/>
      </object_component>
      <object_component id="oc-88">
         <name>.debug_line</name>
         <load_address>0x135c</load_address>
         <run_address>0x135c</run_address>
         <size>0x3d</size>
         <input_file_ref idref="fl-30"/>
      </object_component>
      <object_component id="oc-8c">
         <name>.debug_line</name>
         <load_address>0x1399</load_address>
         <run_address>0x1399</run_address>
         <size>0x3d</size>
         <input_file_ref idref="fl-31"/>
      </object_component>
      <object_component id="oc-90">
         <name>.debug_line</name>
         <load_address>0x13d6</load_address>
         <run_address>0x13d6</run_address>
         <size>0x3d</size>
         <input_file_ref idref="fl-32"/>
      </object_component>
      <object_component id="oc-95">
         <name>.debug_line</name>
         <load_address>0x1413</load_address>
         <run_address>0x1413</run_address>
         <size>0x44</size>
         <input_file_ref idref="fl-33"/>
      </object_component>
      <object_component id="oc-99">
         <name>.debug_line</name>
         <load_address>0x1457</load_address>
         <run_address>0x1457</run_address>
         <size>0x3d</size>
         <input_file_ref idref="fl-34"/>
      </object_component>
      <object_component id="oc-9e">
         <name>.debug_line</name>
         <load_address>0x1494</load_address>
         <run_address>0x1494</run_address>
         <size>0x44</size>
         <input_file_ref idref="fl-35"/>
      </object_component>
      <object_component id="oc-a2">
         <name>.debug_line</name>
         <load_address>0x14d8</load_address>
         <run_address>0x14d8</run_address>
         <size>0x40</size>
         <input_file_ref idref="fl-36"/>
      </object_component>
      <object_component id="oc-a6">
         <name>.debug_line</name>
         <load_address>0x1518</load_address>
         <run_address>0x1518</run_address>
         <size>0x3c</size>
         <input_file_ref idref="fl-37"/>
      </object_component>
      <object_component id="oc-aa">
         <name>.debug_line</name>
         <load_address>0x1554</load_address>
         <run_address>0x1554</run_address>
         <size>0x3c</size>
         <input_file_ref idref="fl-38"/>
      </object_component>
      <object_component id="oc-b1">
[...]
         <name>_USBSTK5515_GPIO_getInput</name>
         <value>0x35279</value>
         <object_component_ref idref="oc-69"/>
      </symbol>
      <symbol id="sm-2cf">
         <name>_USBSTK5515_GPIO_init</name>
         <value>0x3517b</value>
         <object_component_ref idref="oc-69"/>
      </symbol>
      <symbol id="sm-2d0">
         <name>_USBSTK5515_GPIO_setOutput</name>
         <value>0x351fc</value>
         <object_component_ref idref="oc-69"/>
      </symbol>
      <symbol id="sm-2de">
         <name>_USBSTK5515_wait</name>
         <value>0x36745</value>
         <object_component_ref idref="oc-6e"/>
      </symbol>
      <symbol id="sm-2df">
         <name>_USBSTK5515_init</name>
         <value>0x3678b</value>
         <object_component_ref idref="oc-6e"/>
      </symbol>
      <symbol id="sm-2e0">
         <name>_USBSTK5515_waitusec</name>
         <value>0x36779</value>
         <object_component_ref idref="oc-6e"/>
      </symbol>
      <symbol id="sm-2ea">
         <name>__addd</name>
         <value>0x34071</value>
         <object_component_ref idref="oc-73"/>
      </symbol>
      <symbol id="sm-2f6">
         <name>__sysstack</name>
         <value>0x20c0</value>
         <object_component_ref idref="oc-172"/>
      </symbol>
      <symbol id="sm-2f7">
         <name>_c_int00</name>
         <value>0x369d2</value>
         <object_component_ref idref="oc-11"/>
      </symbol>
      <symbol id="sm-2f8">
         <name>__stack</name>
         <value>0xc0</value>
         <object_component_ref idref="oc-77"/>
      </symbol>
      <symbol id="sm-304">
         <name>__divd</name>
         <value>0x337c8</value>
         <object_component_ref idref="oc-7b"/>
      </symbol>
      <symbol id="sm-314">
         <name>C$$EXIT</name>
         <value>0x36b48</value>
         <object_component_ref idref="oc-83"/>
      </symbol>
      <symbol id="sm-315">
         <name>_exit</name>
         <value>0x36994</value>
         <object_component_ref idref="oc-7f"/>
      </symbol>
      <symbol id="sm-316">
         <name>_abort</name>
         <value>0x36b47</value>
         <object_component_ref idref="oc-83"/>
      </symbol>
      <symbol id="sm-317">
         <name>__cleanup_ptr</name>
         <value>0xe8ac</value>
         <object_component_ref idref="oc-80"/>
      </symbol>
      <symbol id="sm-318">
         <name>__dtors_ptr</name>
         <value>0xe8b0</value>
         <object_component_ref idref="oc-80"/>
      </symbol>
      <symbol id="sm-322">
         <name>__fixdi</name>
         <value>0x36a38</value>
         <object_component_ref idref="oc-86"/>
      </symbol>
      <symbol id="sm-32c">
         <name>__fixdli</name>
         <value>0x36481</value>
         <object_component_ref idref="oc-8a"/>
      </symbol>
      <symbol id="sm-336">
         <name>__fltid</name>
         <value>0x36b31</value>
         <object_component_ref idref="oc-8e"/>
      </symbol>
      <symbol id="sm-342">
         <name>__fltlid</name>
         <value>0x365c8</value>
         <object_component_ref idref="oc-92"/>
      </symbol>
      <symbol id="sm-34c">
         <name>__fltud</name>
         <value>0x36b23</value>
         <object_component_ref idref="oc-97"/>
      </symbol>
      <symbol id="sm-358">
         <name>__fltuld</name>
         <value>0x366ea</value>
         <object_component_ref idref="oc-9b"/>
      </symbol>
      <symbol id="sm-362">
         <name>__frcmpyd_div</name>
         <value>0x3639c</value>
         <object_component_ref idref="oc-a0"/>
      </symbol>
      <symbol id="sm-36a">
         <name>__mpyli</name>
         <value>0x36add</value>
         <object_component_ref idref="oc-a4"/>
      </symbol>
      <symbol id="sm-36b">
         <name>I$$LMPY</name>
         <value>0x36add</value>
         <object_component_ref idref="oc-a4"/>
      </symbol>
      <symbol id="sm-375">
         <name>__mpyd</name>
         <value>0x352d1</value>
         <object_component_ref idref="oc-a8"/>
      </symbol>
      <symbol id="sm-386">
         <name>_pow</name>
         <value>0x31e53</value>
         <object_component_ref idref="oc-ac"/>
      </symbol>
      <symbol id="sm-390">
         <name>_printf</name>
         <value>0x36799</value>
         <object_component_ref idref="oc-b3"/>
      </symbol>
      <symbol id="sm-39c">
         <name>__nround</name>
         <value>0x3662f</value>
         <object_component_ref idref="oc-b7"/>
      </symbol>
      <symbol id="sm-3a9">
         <name>_sqrt</name>
         <value>0x357bb</value>
         <object_component_ref idref="oc-bc"/>
      </symbol>
      <symbol id="sm-3b3">
         <name>_strlen</name>
         <value>0x36b02</value>
         <object_component_ref idref="oc-c1"/>
      </symbol>
      <symbol id="sm-3bd">
         <name>__subd</name>
         <value>0x36ac9</value>
         <object_component_ref idref="oc-c5"/>
      </symbol>
      <symbol id="sm-3c9">
         <name>__trunc</name>
         <value>0x36914</value>
         <object_component_ref idref="oc-c9"/>
      </symbol>
      <symbol id="sm-3d7">
         <name>__unlock</name>
         <value>0xe8a8</value>
         <object_component_ref idref="oc-cf"/>
      </symbol>
      <symbol id="sm-3d8">
         <name>__lock</name>
         <value>0xe8a4</value>
         <object_component_ref idref="oc-cf"/>
      </symbol>
      <symbol id="sm-3d9">
         <name>__register_lock</name>
         <value>0x36af8</value>
         <object_component_ref idref="oc-ce"/>
      </symbol>
      <symbol id="sm-3da">
         <name>__nop</name>
         <value>0x36b00</value>
         <object_component_ref idref="oc-ce"/>
      </symbol>
      <symbol id="sm-3db">
         <name>__register_unlock</name>
         <value>0x36af0</value>
         <object_component_ref idref="oc-ce"/>
      </symbol>
      <symbol id="sm-3ed">
         <name>__printfi</name>
         <value>0x31362</value>
         <object_component_ref idref="oc-d4"/>
      </symbol>
      <symbol id="sm-3f7">
         <name>__args_main</name>
         <value>0x36836</value>
         <object_component_ref idref="oc-da"/>
      </symbol>
      <symbol id="sm-3f8">
         <name>__TI_args_main</name>
         <value>0x1</value>
      </symbol>
      <symbol id="sm-402">
         <name>_atoi</name>
         <value>0x3668e</value>
         <object_component_ref idref="oc-de"/>
      </symbol>
      <symbol id="sm-40a">
         <name>_auto_init</name>
         <value>0x367e9</value>
         <object_component_ref idref="oc-e2"/>
      </symbol>
      <symbol id="sm-414">
         <name>__eqld</name>
         <value>0x34a5a</value>
         <object_component_ref idref="oc-e6"/>
      </symbol>
      <symbol id="sm-415">
         <name>__cmpd</name>
         <value>0x34a8e</value>
         <object_component_ref idref="oc-e6"/>
      </symbol>
      <symbol id="sm-416">
         <name>__neqd</name>
         <value>0x348fc</value>
         <object_component_ref idref="oc-e6"/>
      </symbol>
      <symbol id="sm-417">
         <name>__gtrd</name>
         <value>0x349c5</value>
         <object_component_ref idref="oc-e6"/>
      </symbol>
      <symbol id="sm-418">
         <name>__geqd</name>
         <value>0x34a10</value>
         <object_component_ref idref="oc-e6"/>
      </symbol>
      <symbol id="sm-419">
         <name>__leqd</name>
         <value>0x34978</value>
         <object_component_ref idref="oc-e6"/>
      </symbol>
      <symbol id="sm-41a">
         <name>__lssd</name>
         <value>0x34930</value>
         <object_component_ref idref="oc-e6"/>
      </symbol>
      <symbol id="sm-422">
         <name>__ctypes_</name>
         <value>0x30c0</value>
         <object_component_ref idref="oc-174"/>
      </symbol>
      <symbol id="sm-42c">
         <name>__tmpnams</name>
         <value>0xe1ac</value>
         <object_component_ref idref="oc-ec"/>
      </symbol>
      <symbol id="sm-42d">
         <name>__ft_end</name>
         <value>0xe2ec</value>
         <object_component_ref idref="oc-ec"/>
      </symbol>
      <symbol id="sm-42e">
         <name>__ftable</name>
         <value>0xe0bc</value>
         <object_component_ref idref="oc-ec"/>
      </symbol>
      <symbol id="sm-439">
         <name>__divul</name>
         <value>0x36008</value>
         <object_component_ref idref="oc-f0"/>
      </symbol>
      <symbol id="sm-443">
         <name>_errno</name>
         <value>0xe0ba</value>
         <object_component_ref idref="oc-f4"/>
      </symbol>
      <symbol id="sm-44d">
         <name>_putchar</name>
         <value>0x35ff9</value>
         <object_component_ref idref="oc-f8"/>
      </symbol>
      <symbol id="sm-44e">
         <name>_putc</name>
         <value>0x35f62</value>
         <object_component_ref idref="oc-f8"/>
      </symbol>
      <symbol id="sm-44f">
         <name>_fputc</name>
         <value>0x35f62</value>
         <object_component_ref idref="oc-f8"/>
      </symbol>
      <symbol id="sm-45d">
         <name>_puts</name>
         <value>0x3514d</value>
         <object_component_ref idref="oc-fc"/>
      </symbol>
      <symbol id="sm-45e">
         <name>_fputs</name>
         <value>0x35018</value>
         <object_component_ref idref="oc-fc"/>
      </symbol>
      <symbol id="sm-468">
         <name>__frcmpyd</name>
         <value>0x362b1</value>
         <object_component_ref idref="oc-101"/>
      </symbol>
      <symbol id="sm-474">
         <name>_frexp</name>
         <value>0x35c5b</value>
         <object_component_ref idref="oc-105"/>
      </symbol>
      <symbol id="sm-47e">
         <name>___isinf</name>
         <value>0x36aaf</value>
         <object_component_ref idref="oc-10a"/>
      </symbol>
      <symbol id="sm-48a">
         <name>_ldexp</name>
         <value>0x358d1</value>
         <object_component_ref idref="oc-10e"/>
      </symbol>
      <symbol id="sm-494">
         <name>__divull</name>
         <value>0x33f48</value>
         <object_component_ref idref="oc-113"/>
      </symbol>
      <symbol id="sm-495">
         <name>__mpylli</name>
         <value>0x33e90</value>
         <object_component_ref idref="oc-113"/>
      </symbol>
      <symbol id="sm-496">
         <name>__remlli</name>
         <value>0x33e61</value>
         <object_component_ref idref="oc-113"/>
      </symbol>
      <symbol id="sm-497">
         <name>__divlli</name>
         <value>0x3403c</value>
         <object_component_ref idref="oc-113"/>
      </symbol>
      <symbol id="sm-498">
         <name>__remull</name>
         <value>0x33e13</value>
         <object_component_ref idref="oc-113"/>
      </symbol>
      <symbol id="sm-4aa">
         <name>_add_device</name>
         <value>0x3284c</value>
         <object_component_ref idref="oc-117"/>
      </symbol>
      <symbol id="sm-4ab">
         <name>_rename</name>
         <value>0x3256e</value>
         <object_component_ref idref="oc-117"/>
      </symbol>
      <symbol id="sm-4ac">
         <name>_read</name>
         <value>0x325fd</value>
         <object_component_ref idref="oc-117"/>
      </symbol>
      <symbol id="sm-4ad">
         <name>_unlink</name>
         <value>0x3253b</value>
         <object_component_ref idref="oc-117"/>
      </symbol>
      <symbol id="sm-4ae">
         <name>_remove_device</name>
         <value>0x325c7</value>
         <object_component_ref idref="oc-117"/>
      </symbol>
      <symbol id="sm-4af">
         <name>_open</name>
         <value>0x326ab</value>
         <object_component_ref idref="oc-117"/>
      </symbol>
      <symbol id="sm-4b0">
         <name>_find_registered_device</name>
         <value>0x327d0</value>
         <object_component_ref idref="oc-117"/>
      </symbol>
      <symbol id="sm-4b1">
         <name>_lseek</name>
         <value>0x3276a</value>
         <object_component_ref idref="oc-117"/>
      </symbol>
      <symbol id="sm-4b2">
         <name>_close</name>
         <value>0x327d9</value>
         <object_component_ref idref="oc-117"/>
      </symbol>
      <symbol id="sm-4b3">
         <name>_write</name>
         <value>0x323f9</value>
         <object_component_ref idref="oc-117"/>
      </symbol>
      <symbol id="sm-4bd">
         <name>_ltoa</name>
         <value>0x361b9</value>
         <object_component_ref idref="oc-11d"/>
      </symbol>
      <symbol id="sm-4c8">
         <name>_memccpy</name>
         <value>0x36a8c</value>
         <object_component_ref idref="oc-121"/>
      </symbol>
      <symbol id="sm-4d0">
         <name>_memcpy</name>
         <value>0x36955</value>
         <object_component_ref idref="oc-125"/>
      </symbol>
      <symbol id="sm-4dc">
         <name>_modf</name>
         <value>0x35de9</value>
         <object_component_ref idref="oc-129"/>
      </symbol>
      <symbol id="sm-4e6">
         <name>__negd</name>
         <value>0x36b13</value>
         <object_component_ref idref="oc-12e"/>
      </symbol>
      <symbol id="sm-4f0">
         <name>__remli</name>
         <value>0x36881</value>
         <object_component_ref idref="oc-132"/>
      </symbol>
      <symbol id="sm-4fb">
         <name>__remul</name>
         <value>0x3640f</value>
         <object_component_ref idref="oc-136"/>
      </symbol>
      <symbol id="sm-507">
         <name>_HOSTopen</name>
         <value>0x32c47</value>
         <object_component_ref idref="oc-13a"/>
      </symbol>
      <symbol id="sm-508">
         <name>_HOSTread</name>
         <value>0x32bba</value>
         <object_component_ref idref="oc-13a"/>
      </symbol>
      <symbol id="sm-509">
         <name>_HOSTtime</name>
         <value>0x32aae</value>
         <object_component_ref idref="oc-13a"/>
      </symbol>
      <symbol id="sm-50a">
         <name>_getenv</name>
         <value>0x3293c</value>
         <object_component_ref idref="oc-13a"/>
      </symbol>
      <symbol id="sm-50b">
         <name>_HOSTrename</name>
         <value>0x32b0c</value>
         <object_component_ref idref="oc-13a"/>
      </symbol>
      <symbol id="sm-50c">
         <name>_HOSTclock</name>
         <value>0x32e06</value>
         <object_component_ref idref="oc-13a"/>
      </symbol>
      <symbol id="sm-50d">
         <name>_HOSTwrite</name>
         <value>0x329b7</value>
         <object_component_ref idref="oc-13a"/>
      </symbol>
      <symbol id="sm-50e">
         <name>_HOSTlseek</name>
         <value>0x32ce6</value>
         <object_component_ref idref="oc-13a"/>
      </symbol>
      <symbol id="sm-50f">
         <name>_HOSTunlink</name>
         <value>0x32a44</value>
         <object_component_ref idref="oc-13a"/>
      </symbol>
      <symbol id="sm-510">
         <name>_HOSTclose</name>
         <value>0x32d9b</value>
         <object_component_ref idref="oc-13a"/>
      </symbol>
      <symbol id="sm-522">
         <name>C$$IO$$</name>
         <value>0x35f5d</value>
         <object_component_ref idref="oc-142"/>
      </symbol>
      <symbol id="sm-523">
         <name>__CIOBUF_</name>
         <value>0x40a90</value>
         <object_component_ref idref="oc-141"/>
      </symbol>
      <symbol id="sm-524">
         <name>_readmsg</name>
         <value>0x364f0</value>
         <object_component_ref idref="oc-13f"/>
      </symbol>
      <symbol id="sm-525">
         <name>_writemsg</name>
         <value>0x35ea8</value>
         <object_component_ref idref="oc-142"/>
      </symbol>
      <symbol id="sm-52d">
         <name>__remu</name>
         <value>0x36a77</value>
         <object_component_ref idref="oc-145"/>
      </symbol>
      <symbol id="sm-52e">
         <name>__divu</name>
         <value>0x36a62</value>
         <object_component_ref idref="oc-145"/>
      </symbol>
      <symbol id="sm-52f">
         <name>I$$UMOD</name>
         <value>0x36a77</value>
         <object_component_ref idref="oc-145"/>
      </symbol>
      <symbol id="sm-530">
         <name>I$$UDIV</name>
         <value>0x36a62</value>
         <object_component_ref idref="oc-145"/>
      </symbol>
      <symbol id="sm-53a">
         <name>__rd_ok</name>
         <value>0x35b29</value>
         <object_component_ref idref="oc-149"/>
      </symbol>
      <symbol id="sm-53b">
         <name>__wrt_ok</name>
         <value>0x35aa9</value>
         <object_component_ref idref="oc-149"/>
      </symbol>
      <symbol id="sm-545">
         <name>__divli</name>
         <value>0x368cc</value>
         <object_component_ref idref="oc-14d"/>
      </symbol>
      <symbol id="sm-54f">
         <name>__doflush</name>
         <value>0x35d27</value>
         <object_component_ref idref="oc-151"/>
      </symbol>
      <symbol id="sm-550">
         <name>_fflush</name>
         <value>0x35d90</value>
         <object_component_ref idref="oc-151"/>
      </symbol>
      <symbol id="sm-55a">
         <name>_fseek</name>
         <value>0x3655d</value>
         <object_component_ref idref="oc-155"/>
      </symbol>
      <symbol id="sm-564">
         <name>_setvbuf</name>
         <value>0x359c3</value>
         <object_component_ref idref="oc-159"/>
      </symbol>
      <symbol id="sm-573">
         <name>__cleanup</name>
         <value>0x33cb5</value>
         <object_component_ref idref="oc-15d"/>
      </symbol>
      <symbol id="sm-574">
         <name>_fopen</name>
         <value>0x33dd8</value>
         <object_component_ref idref="oc-15d"/>
      </symbol>
      <symbol id="sm-575">
         <name>_freopen</name>
         <value>0x33d0f</value>
         <object_component_ref idref="oc-15d"/>
      </symbol>
      <symbol id="sm-585">
         <name>__sys_memory</name>
         <value>0x10000</value>
         <object_component_ref idref="oc-167"/>
      </symbol>
      <symbol id="sm-586">
         <name>_chkheap</name>
         <value>0x332eb</value>
         <object_component_ref idref="oc-163"/>
      </symbol>
      <symbol id="sm-587">
         <name>_realloc</name>
         <value>0x3308a</value>
         <object_component_ref idref="oc-163"/>
      </symbol>
      <symbol id="sm-588">
         <name>_free_memory</name>
         <value>0x33295</value>
         <object_component_ref idref="oc-163"/>
      </symbol>
      <symbol id="sm-589">
         <name>_max_free</name>
         <value>0x3323b</value>
         <object_component_ref idref="oc-163"/>
      </symbol>
      <symbol id="sm-58a">
         <name>_free</name>
         <value>0x32e64</value>
         <object_component_ref idref="oc-163"/>
      </symbol>
      <symbol id="sm-58b">
         <name>_calloc</name>
         <value>0x332f3</value>
         <object_component_ref idref="oc-163"/>
      </symbol>
      <symbol id="sm-58c">
         <name>_malloc</name>
         <value>0x32f95</value>
         <object_component_ref idref="oc-163"/>
      </symbol>
      <symbol id="sm-58d">
         <name>_minit</name>
         <value>0x32f30</value>
         <object_component_ref idref="oc-163"/>
      </symbol>
      <symbol id="sm-597">
         <name>_fclose</name>
         <value>0x36236</value>
         <object_component_ref idref="oc-16a"/>
      </symbol>
      <symbol id="sm-5a1">
         <name>_remove</name>
         <value>0x36b3d</value>
         <object_component_ref idref="oc-16e"/>
      </symbol>
   </symbol_table>
</link_info>
